{
  "query_date": "2026-09-12",
  "primary_scope": {
    "assay": "CHEMBL5731051",
    "molecules": 96,
    "scaffolds": 39,
    "raw_exact_nM_records": 97,
    "mirror_assay_not_used_as_external_validation": true
  },
  "broad_time_sensitivity": {
    "molecules": 208,
    "years": [
      2017,
      2018,
      2019
    ],
    "results": [
      {
        "n": 75,
        "mae": 0.8290635924191051,
        "rmse": 0.9829612669637455,
        "r2": -0.23066695665349446,
        "spearman": null,
        "roc_auc_at_pActivity_6": 0.5,
        "pr_auc_at_pActivity_6": 0.8266666666666667,
        "scope": "broad_full_length_stated",
        "split": "time",
        "model": "mean",
        "seed": 20260912,
        "cutoff_year": 2017,
        "train_n": 133,
        "test_n": 75,
        "train_years": [
          2017
        ],
        "test_years": [
          2018,
          2019
        ],
        "note": "heterogeneous sensitivity only; not primary model and not external validation"
      },
      {
        "n": 75,
        "mae": 0.749408787465395,
        "rmse": 0.9128694033619461,
        "r2": -0.0614145386278282,
        "spearman": 0.22608800890463487,
        "roc_auc_at_pActivity_6": 0.7009925558312655,
        "pr_auc_at_pActivity_6": 0.927295098698561,
        "scope": "broad_full_length_stated",
        "split": "time",
        "model": "ecfp_rf",
        "seed": 20260912,
        "cutoff_year": 2017,
        "train_n": 133,
        "test_n": 75,
        "train_years": [
          2017
        ],
        "test_years": [
          2018,
          2019
        ],
        "note": "heterogeneous sensitivity only; not primary model and not external validation"
      },
      {
        "n": 75,
        "mae": 0.851756973311627,
        "rmse": 1.0569719534167366,
        "r2": -0.4229664379292313,
        "spearman": 0.2507629384474153,
        "roc_auc_at_pActivity_6": 0.6339950372208436,
        "pr_auc_at_pActivity_6": 0.9105453558625265,
        "scope": "broad_full_length_stated",
        "split": "time",
        "model": "ecfp_xgb",
        "seed": 20260912,
        "cutoff_year": 2017,
        "train_n": 133,
        "test_n": 75,
        "train_years": [
          2017
        ],
        "test_years": [
          2018,
          2019
        ],
        "note": "heterogeneous sensitivity only; not primary model and not external validation"
      }
    ]
  },
  "seeds": [
    20260912,
    20260913,
    20260914,
    20260915,
    20260916
  ],
  "metrics": [
    {
      "n": 20,
      "mae": 0.5121214555654371,
      "rmse": 0.6535184380553815,
      "r2": -0.02165434217767581,
      "spearman": null,
      "roc_auc_at_pActivity_6": 0.5,
      "pr_auc_at_pActivity_6": 0.85,
      "scope": "canonical_single_assay",
      "split": "random",
      "model": "mean",
      "seed": 20260912,
      "train_n": 76,
      "test_n": 20,
      "train_scaffolds": 36,
      "test_scaffolds": 15,
      "split_group": "molecule_id"
    },
    {
      "n": 20,
      "mae": 0.5454629966027078,
      "rmse": 0.7000776382662517,
      "r2": -0.17241321901507578,
      "spearman": null,
      "roc_auc_at_pActivity_6": 0.5,
      "pr_auc_at_pActivity_6": 0.85,
      "scope": "canonical_single_assay",
      "split": "random",
      "model": "median",
      "seed": 20260912,
      "train_n": 76,
      "test_n": 20,
      "train_scaffolds": 36,
      "test_scaffolds": 15,
      "split_group": "molecule_id"
    },
    {
      "n": 20,
      "mae": 0.3882594763522239,
      "rmse": 0.4773553213176957,
      "r2": 0.45490546052120917,
      "spearman": 0.7203613607674677,
      "roc_auc_at_pActivity_6": 0.9117647058823528,
      "pr_auc_at_pActivity_6": 0.984640522875817,
      "scope": "canonical_single_assay",
      "split": "random",
      "model": "descriptor_rf",
      "seed": 20260912,
      "train_n": 76,
      "test_n": 20,
      "train_scaffolds": 36,
      "test_scaffolds": 15,
      "split_group": "molecule_id"
    },
    {
      "n": 20,
      "mae": 0.41491076174917146,
      "rmse": 0.5095932676690053,
      "r2": 0.37879397582812346,
      "spearman": 0.7333584572776162,
      "roc_auc_at_pActivity_6": 0.9607843137254902,
      "pr_auc_at_pActivity_6": 0.9938080495356038,
      "scope": "canonical_single_assay",
      "split": "random",
      "model": "ecfp_rf",
      "seed": 20260912,
      "train_n": 76,
      "test_n": 20,
      "train_scaffolds": 36,
      "test_scaffolds": 15,
      "split_group": "molecule_id"
    },
    {
      "n": 20,
      "mae": 0.30922232384980464,
      "rmse": 0.37746363044849024,
      "r2": 0.6591694461426346,
      "spearman": 0.8815344737737089,
      "roc_auc_at_pActivity_6": 0.8627450980392157,
      "pr_auc_at_pActivity_6": 0.9777201076509036,
      "scope": "canonical_single_assay",
      "split": "random",
      "model": "ecfp_ridge",
      "seed": 20260912,
      "train_n": 76,
      "test_n": 20,
      "train_scaffolds": 36,
      "test_scaffolds": 15,
      "split_group": "molecule_id"
    },
    {
      "n": 20,
      "mae": 0.29227204804312534,
      "rmse": 0.35101468227362415,
      "r2": 0.70526014866103,
      "spearman": 0.9078601619836745,
      "roc_auc_at_pActivity_6": 0.9019607843137256,
      "pr_auc_at_pActivity_6": 0.9840397923875432,
      "scope": "canonical_single_assay",
      "split": "random",
      "model": "ecfp_xgb",
      "seed": 20260912,
      "train_n": 76,
      "test_n": 20,
      "train_scaffolds": 36,
      "test_scaffolds": 15,
      "split_group": "molecule_id"
    },
    {
      "n": 18,
      "mae": 0.5786285519217317,
      "rmse": 0.7054389206578814,
      "r2": -0.016005174635312258,
      "spearman": null,
      "roc_auc_at_pActivity_6": 0.5,
      "pr_auc_at_pActivity_6": 0.8333333333333334,
      "scope": "canonical_single_assay",
      "split": "scaffold",
      "model": "mean",
      "seed": 20260912,
      "train_n": 78,
      "test_n": 18,
      "train_scaffolds": 31,
      "test_scaffolds": 8,
      "split_group": "scaffold"
    },
    {
      "n": 18,
      "mae": 0.5406593783341056,
      "rmse": 0.7001634164638667,
      "r2": -0.0008659536244501886,
      "spearman": null,
      "roc_auc_at_pActivity_6": 0.5,
      "pr_auc_at_pActivity_6": 0.8333333333333334,
      "scope": "canonical_single_assay",
      "split": "scaffold",
      "model": "median",
      "seed": 20260912,
      "train_n": 78,
      "test_n": 18,
      "train_scaffolds": 31,
      "test_scaffolds": 8,
      "split_group": "scaffold"
    },
    {
      "n": 18,
      "mae": 0.49864689837806137,
      "rmse": 0.631172966945325,
      "r2": 0.18665675235733603,
      "spearman": 0.4562870929362303,
      "roc_auc_at_pActivity_6": 0.8333333333333333,
      "pr_auc_at_pActivity_6": 0.962142857142857,
      "scope": "canonical_single_assay",
      "split": "scaffold",
      "model": "descriptor_rf",
      "seed": 20260912,
      "train_n": 78,
      "test_n": 18,
      "train_scaffolds": 31,
      "test_scaffolds": 8,
      "split_group": "scaffold"
    },
    {
      "n": 18,
      "mae": 0.4868879379146378,
      "rmse": 0.6090554553084434,
      "r2": 0.24266023437845907,
      "spearman": 0.5830753353973168,
      "roc_auc_at_pActivity_6": 0.8222222222222222,
      "pr_auc_at_pActivity_6": 0.9654108309990662,
      "scope": "canonical_single_assay",
      "split": "scaffold",
      "model": "ecfp_rf",
      "seed": 20260912,
      "train_n": 78,
      "test_n": 18,
      "train_scaffolds": 31,
      "test_scaffolds": 8,
      "split_group": "scaffold"
    },
    {
      "n": 18,
      "mae": 0.23508575302974843,
      "rmse": 0.30059918435463845,
      "r2": 0.815518559309874,
      "spearman": 0.8039215686274509,
      "roc_auc_at_pActivity_6": 1.0,
      "pr_auc_at_pActivity_6": 1.0,
      "scope": "canonical_single_assay",
      "split": "scaffold",
      "model": "ecfp_ridge",
      "seed": 20260912,
      "train_n": 78,
      "test_n": 18,
      "train_scaffolds": 31,
      "test_scaffolds": 8,
      "split_group": "scaffold"
    },
    {
      "n": 18,
      "mae": 0.35913026827934225,
      "rmse": 0.4634779360336878,
      "r2": 0.561433742843203,
      "spearman": 0.7192982456140351,
      "roc_auc_at_pActivity_6": 0.9333333333333333,
      "pr_auc_at_pActivity_6": 0.9877124183006536,
      "scope": "canonical_single_assay",
      "split": "scaffold",
      "model": "ecfp_xgb",
      "seed": 20260912,
      "train_n": 78,
      "test_n": 18,
      "train_scaffolds": 31,
      "test_scaffolds": 8,
      "split_group": "scaffold"
    },
    {
      "n": 20,
      "mae": 0.5619000249920758,
      "rmse": 0.6459270977712165,
      "r2": -0.046627838445158165,
      "spearman": null,
      "roc_auc_at_pActivity_6": 0.5,
      "pr_auc_at_pActivity_6": 0.9,
      "scope": "canonical_single_assay",
      "split": "random",
      "model": "mean",
      "seed": 20260913,
      "train_n": 76,
      "test_n": 20,
      "train_scaffolds": 34,
      "test_scaffolds": 16,
      "split_group": "molecule_id"
    },
    {
      "n": 20,
      "mae": 0.5217061184211929,
      "rmse": 0.6323920112965012,
      "r2": -0.0032242547604939276,
      "spearman": null,
      "roc_auc_at_pActivity_6": 0.5,
      "pr_auc_at_pActivity_6": 0.9,
      "scope": "canonical_single_assay",
      "split": "random",
      "model": "median",
      "seed": 20260913,
      "train_n": 76,
      "test_n": 20,
      "train_scaffolds": 34,
      "test_scaffolds": 16,
      "split_group": "molecule_id"
    },
    {
      "n": 20,
      "mae": 0.37424672382000707,
      "rmse": 0.4732420825381971,
      "r2": 0.4381867377347133,
      "spearman": 0.6596465302897122,
      "roc_auc_at_pActivity_6": 0.9444444444444444,
      "pr_auc_at_pActivity_6": 0.9939896036387265,
      "scope": "canonical_single_assay",
      "split": "random",
      "model": "descriptor_rf",
      "seed": 20260913,
      "train_n": 76,
      "test_n": 20,
      "train_scaffolds": 34,
      "test_scaffolds": 16,
      "split_group": "molecule_id"
    },
    {
      "n": 20,
      "mae": 0.40670072236452803,
      "rmse": 0.515109200211801,
      "r2": 0.3343837947432212,
      "spearman": 0.7654135338345864,
      "roc_auc_at_pActivity_6": 0.8055555555555556,
      "pr_auc_at_pActivity_6": 0.9781525914459352,
      "scope": "canonical_single_assay",
      "split": "random",
      "model": "ecfp_rf",
      "seed": 20260913,
      "train_n": 76,
      "test_n": 20,
      "train_scaffolds": 34,
      "test_scaffolds": 16,
      "split_group": "molecule_id"
    },
    {
      "n": 20,
      "mae": 0.3199950062113549,
      "rmse": 0.4093913617496791,
      "r2": 0.5795613598364648,
      "spearman": 0.7954887218045112,
      "roc_auc_at_pActivity_6": 0.9444444444444444,
      "pr_auc_at_pActivity_6": 0.9944444444444446,
      "scope": "canonical_single_assay",
      "split": "random",
      "model": "ecfp_ridge",
      "seed": 20260913,
      "train_n": 76,
      "test_n": 20,
      "train_scaffolds": 34,
      "test_scaffolds": 16,
      "split_group": "molecule_id"
    },
    {
      "n": 20,
      "mae": 0.37057836660695886,
      "rmse": 0.46943935597559,
      "r2": 0.4471793388021268,
      "spearman": 0.7353383458646616,
      "roc_auc_at_pActivity_6": 0.8888888888888888,
      "pr_auc_at_pActivity_6": 0.988090050835149,
      "scope": "canonical_single_assay",
      "split": "random",
      "model": "ecfp_xgb",
      "seed": 20260913,
      "train_n": 76,
      "test_n": 20,
      "train_scaffolds": 34,
      "test_scaffolds": 16,
      "split_group": "molecule_id"
    },
    {
      "n": 26,
      "mae": 0.6253676201192554,
      "rmse": 0.7049277937965024,
      "r2": -0.18989717787249671,
      "spearman": null,
      "roc_auc_at_pActivity_6": 0.5,
      "pr_auc_at_pActivity_6": 0.9230769230769231,
      "scope": "canonical_single_assay",
      "split": "scaffold",
      "model": "mean",
      "seed": 20260913,
      "train_n": 70,
      "test_n": 26,
      "train_scaffolds": 31,
      "test_scaffolds": 8,
      "split_group": "scaffold"
    },
    {
      "n": 26,
      "mae": 0.5701313122251167,
      "rmse": 0.6705743680043073,
      "r2": -0.07674797580901016,
      "spearman": null,
      "roc_auc_at_pActivity_6": 0.5,
      "pr_auc_at_pActivity_6": 0.9230769230769231,
      "scope": "canonical_single_assay",
      "split": "scaffold",
      "model": "median",
      "seed": 20260913,
      "train_n": 70,
      "test_n": 26,
      "train_scaffolds": 31,
      "test_scaffolds": 8,
      "split_group": "scaffold"
    },
    {
      "n": 26,
      "mae": 0.32315463935992617,
      "rmse": 0.45583247050211484,
      "r2": 0.5024569289111069,
      "spearman": 0.719103215463159,
      "roc_auc_at_pActivity_6": 0.9791666666666667,
      "pr_auc_at_pActivity_6": 0.9983333333333334,
      "scope": "canonical_single_assay",
      "split": "scaffold",
      "model": "descriptor_rf",
      "seed": 20260913,
      "train_n": 70,
      "test_n": 26,
      "train_scaffolds": 31,
      "test_scaffolds": 8,
      "split_group": "scaffold"
    },
    {
      "n": 26,
      "mae": 0.4161953571587545,
      "rmse": 0.5265133631603298,
      "r2": 0.33619737941636996,
      "spearman": 0.4774129826268971,
      "roc_auc_at_pActivity_6": 1.0,
      "pr_auc_at_pActivity_6": 1.0,
      "scope": "canonical_single_assay",
      "split": "scaffold",
      "model": "ecfp_rf",
      "seed": 20260913,
      "train_n": 70,
      "test_n": 26,
      "train_scaffolds": 31,
      "test_scaffolds": 8,
      "split_group": "scaffold"
    },
    {
      "n": 26,
      "mae": 0.26610734669416514,
      "rmse": 0.3369027054286986,
      "r2": 0.7282126976153256,
      "spearman": 0.8442851814627634,
      "roc_auc_at_pActivity_6": 1.0,
      "pr_auc_at_pActivity_6": 1.0,
      "scope": "canonical_single_assay",
      "split": "scaffold",
      "model": "ecfp_ridge",
      "seed": 20260913,
      "train_n": 70,
      "test_n": 26,
      "train_scaffolds": 31,
      "test_scaffolds": 8,
      "split_group": "scaffold"
    },
    {
      "n": 26,
      "mae": 0.23235079924534066,
      "rmse": 0.3271005369832001,
      "r2": 0.743797902916751,
      "spearman": 0.7546205209263858,
      "roc_auc_at_pActivity_6": 1.0,
      "pr_auc_at_pActivity_6": 1.0,
      "scope": "canonical_single_assay",
      "split": "scaffold",
      "model": "ecfp_xgb",
      "seed": 20260913,
      "train_n": 70,
      "test_n": 26,
      "train_scaffolds": 31,
      "test_scaffolds": 8,
      "split_group": "scaffold"
    },
    {
      "n": 20,
      "mae": 0.4727202680885968,
      "rmse": 0.5771577434576294,
      "r2": -0.165414079388702,
      "spearman": null,
      "roc_auc_at_pActivity_6": 0.5,
      "pr_auc_at_pActivity_6": 0.9,
      "scope": "canonical_single_assay",
      "split": "random",
      "model": "mean",
      "seed": 20260914,
      "train_n": 76,
      "test_n": 20,
      "train_scaffolds": 38,
      "test_scaffolds": 16,
      "split_group": "molecule_id"
    },
    {
      "n": 20,
      "mae": 0.4199072678185495,
      "rmse": 0.5405255257018657,
      "r2": -0.022171158217444864,
      "spearman": null,
      "roc_auc_at_pActivity_6": 0.5,
      "pr_auc_at_pActivity_6": 0.9,
      "scope": "canonical_single_assay",
      "split": "random",
      "model": "median",
      "seed": 20260914,
      "train_n": 76,
      "test_n": 20,
      "train_scaffolds": 38,
      "test_scaffolds": 16,
      "split_group": "molecule_id"
    },
    {
      "n": 20,
      "mae": 0.2957440354471406,
      "rmse": 0.3667973557313781,
      "r2": 0.5293006492400953,
      "spearman": 0.7862251215481924,
      "roc_auc_at_pActivity_6": 0.9722222222222222,
      "pr_auc_at_pActivity_6": 0.997076023391813,
      "scope": "canonical_single_assay",
      "split": "random",
      "model": "descriptor_rf",
      "seed": 20260914,
      "train_n": 76,
      "test_n": 20,
      "train_scaffolds": 38,
      "test_scaffolds": 16,
      "split_group": "molecule_id"
    },
    {
      "n": 20,
      "mae": 0.36789265386717884,
      "rmse": 0.4161270763084579,
      "r2": 0.39418062690150146,
      "spearman": 0.7544190078455887,
      "roc_auc_at_pActivity_6": 1.0,
      "pr_auc_at_pActivity_6": 1.0,
      "scope": "canonical_single_assay",
      "split": "random",
      "model": "ecfp_rf",
      "seed": 20260914,
      "train_n": 76,
      "test_n": 20,
      "train_scaffolds": 38,
      "test_scaffolds": 16,
      "split_group": "molecule_id"
    },
    {
      "n": 20,
      "mae": 0.17480608093500344,
      "rmse": 0.25874702441107017,
      "r2": 0.7657703145408749,
      "spearman": 0.9537420757210433,
      "roc_auc_at_pActivity_6": 1.0,
      "pr_auc_at_pActivity_6": 1.0,
      "scope": "canonical_single_assay",
      "split": "random",
      "model": "ecfp_ridge",
      "seed": 20260914,
      "train_n": 76,
      "test_n": 20,
      "train_scaffolds": 38,
      "test_scaffolds": 16,
      "split_group": "molecule_id"
    },
    {
      "n": 20,
      "mae": 0.18781779116439945,
      "rmse": 0.27566511964613183,
      "r2": 0.7341388725338794,
      "spearman": 0.9514855881601892,
      "roc_auc_at_pActivity_6": 0.9722222222222222,
      "pr_auc_at_pActivity_6": 0.997076023391813,
      "scope": "canonical_single_assay",
      "split": "random",
      "model": "ecfp_xgb",
      "seed": 20260914,
      "train_n": 76,
      "test_n": 20,
      "train_scaffolds": 38,
      "test_scaffolds": 16,
      "split_group": "molecule_id"
    },
    {
      "n": 22,
      "mae": 0.6858353924091711,
      "rmse": 0.8159642308128836,
      "r2": -0.00018558156861003816,
      "spearman": null,
      "roc_auc_at_pActivity_6": 0.5,
      "pr_auc_at_pActivity_6": 0.7727272727272727,
      "scope": "canonical_single_assay",
      "split": "scaffold",
      "model": "mean",
      "seed": 20260914,
      "train_n": 74,
      "test_n": 22,
      "train_scaffolds": 31,
      "test_scaffolds": 8,
      "split_group": "scaffold"
    },
    {
      "n": 22,
      "mae": 0.6717362350336993,
      "rmse": 0.8235164717074301,
      "r2": -0.0187859047743395,
      "spearman": null,
      "roc_auc_at_pActivity_6": 0.5,
      "pr_auc_at_pActivity_6": 0.7727272727272727,
      "scope": "canonical_single_assay",
      "split": "scaffold",
      "model": "median",
      "seed": 20260914,
      "train_n": 74,
      "test_n": 22,
      "train_scaffolds": 31,
      "test_scaffolds": 8,
      "split_group": "scaffold"
    },
    {
      "n": 22,
      "mae": 0.4513374261402957,
      "rmse": 0.5669987258577438,
      "r2": 0.5170496187598836,
      "spearman": 0.9267750283539712,
      "roc_auc_at_pActivity_6": 1.0,
      "pr_auc_at_pActivity_6": 1.0,
      "scope": "canonical_single_assay",
      "split": "scaffold",
      "model": "descriptor_rf",
      "seed": 20260914,
      "train_n": 74,
      "test_n": 22,
      "train_scaffolds": 31,
      "test_scaffolds": 8,
      "split_group": "scaffold"
    },
    {
      "n": 22,
      "mae": 0.5635167401725225,
      "rmse": 0.6605531710176988,
      "r2": 0.34452835273270677,
      "spearman": 0.7718802936194241,
      "roc_auc_at_pActivity_6": 1.0,
      "pr_auc_at_pActivity_6": 1.0,
      "scope": "canonical_single_assay",
      "split": "scaffold",
      "model": "ecfp_rf",
      "seed": 20260914,
      "train_n": 74,
      "test_n": 22,
      "train_scaffolds": 31,
      "test_scaffolds": 8,
      "split_group": "scaffold"
    },
    {
      "n": 22,
      "mae": 0.34723374141512003,
      "rmse": 0.41936731792382015,
      "r2": 0.7358032253081319,
      "spearman": 0.839638622247318,
      "roc_auc_at_pActivity_6": 0.9764705882352941,
      "pr_auc_at_pActivity_6": 0.9938080495356038,
      "scope": "canonical_single_assay",
      "split": "scaffold",
      "model": "ecfp_ridge",
      "seed": 20260914,
      "train_n": 74,
      "test_n": 22,
      "train_scaffolds": 31,
      "test_scaffolds": 8,
      "split_group": "scaffold"
    },
    {
      "n": 22,
      "mae": 0.3992508102821612,
      "rmse": 0.498852000742963,
      "r2": 0.6261634293553746,
      "spearman": 0.7447769621682666,
      "roc_auc_at_pActivity_6": 0.9647058823529412,
      "pr_auc_at_pActivity_6": 0.9895953479430989,
      "scope": "canonical_single_assay",
      "split": "scaffold",
      "model": "ecfp_xgb",
      "seed": 20260914,
      "train_n": 74,
      "test_n": 22,
      "train_scaffolds": 31,
      "test_scaffolds": 8,
      "split_group": "scaffold"
    },
    {
      "n": 20,
      "mae": 0.5486728815123372,
      "rmse": 0.6952877240281974,
      "r2": -0.1291244688714035,
      "spearman": null,
      "roc_auc_at_pActivity_6": 0.5,
      "pr_auc_at_pActivity_6": 0.75,
      "scope": "canonical_single_assay",
      "split": "random",
      "model": "mean",
      "seed": 20260915,
      "train_n": 76,
      "test_n": 20,
      "train_scaffolds": 35,
      "test_scaffolds": 17,
      "split_group": "molecule_id"
    },
    {
      "n": 20,
      "mae": 0.5522182580431695,
      "rmse": 0.723545669061781,
      "r2": -0.2227694859379299,
      "spearman": null,
      "roc_auc_at_pActivity_6": 0.5,
      "pr_auc_at_pActivity_6": 0.75,
      "scope": "canonical_single_assay",
      "split": "random",
      "model": "median",
      "seed": 20260915,
      "train_n": 76,
      "test_n": 20,
      "train_scaffolds": 35,
      "test_scaffolds": 17,
      "split_group": "molecule_id"
    },
    {
      "n": 20,
      "mae": 0.38390980695955396,
      "rmse": 0.570600643890787,
      "r2": 0.23953853718931528,
      "spearman": 0.527464408159612,
      "roc_auc_at_pActivity_6": 0.7666666666666667,
      "pr_auc_at_pActivity_6": 0.923348225848226,
      "scope": "canonical_single_assay",
      "split": "random",
      "model": "descriptor_rf",
      "seed": 20260915,
      "train_n": 76,
      "test_n": 20,
      "train_scaffolds": 35,
      "test_scaffolds": 17,
      "split_group": "molecule_id"
    },
    {
      "n": 20,
      "mae": 0.4123507373619857,
      "rmse": 0.5088764240738933,
      "r2": 0.3951643833677966,
      "spearman": 0.7909774436090224,
      "roc_auc_at_pActivity_6": 0.9600000000000001,
      "pr_auc_at_pActivity_6": 0.9866269841269841,
      "scope": "canonical_single_assay",
      "split": "random",
      "model": "ecfp_rf",
      "seed": 20260915,
      "train_n": 76,
      "test_n": 20,
      "train_scaffolds": 35,
      "test_scaffolds": 17,
      "split_group": "molecule_id"
    },
    {
      "n": 20,
      "mae": 0.2519621207359753,
      "rmse": 0.345274183075998,
      "r2": 0.7215540479806941,
      "spearman": 0.8541353383458646,
      "roc_auc_at_pActivity_6": 0.9333333333333333,
      "pr_auc_at_pActivity_6": 0.9805555555555555,
      "scope": "canonical_single_assay",
      "split": "random",
      "model": "ecfp_ridge",
      "seed": 20260915,
      "train_n": 76,
      "test_n": 20,
      "train_scaffolds": 35,
      "test_scaffolds": 17,
      "split_group": "molecule_id"
    },
    {
      "n": 20,
      "mae": 0.2508013854848533,
      "rmse": 0.32142398294080216,
      "r2": 0.7586933710749975,
      "spearman": 0.9142857142857143,
      "roc_auc_at_pActivity_6": 0.9333333333333333,
      "pr_auc_at_pActivity_6": 0.9796825396825397,
      "scope": "canonical_single_assay",
      "split": "random",
      "model": "ecfp_xgb",
      "seed": 20260915,
      "train_n": 76,
      "test_n": 20,
      "train_scaffolds": 35,
      "test_scaffolds": 17,
      "split_group": "molecule_id"
    },
    {
      "n": 16,
      "mae": 0.48071316322564345,
      "rmse": 0.6169148745065801,
      "r2": -0.023024175142704273,
      "spearman": null,
      "roc_auc_at_pActivity_6": 0.5,
      "pr_auc_at_pActivity_6": 0.8125,
      "scope": "canonical_single_assay",
      "split": "scaffold",
      "model": "mean",
      "seed": 20260915,
      "train_n": 80,
      "test_n": 16,
      "train_scaffolds": 31,
      "test_scaffolds": 8,
      "split_group": "scaffold"
    },
    {
      "n": 16,
      "mae": 0.49139964119550333,
      "rmse": 0.6418293419773731,
      "r2": -0.10732358033003786,
      "spearman": null,
      "roc_auc_at_pActivity_6": 0.5,
      "pr_auc_at_pActivity_6": 0.8125,
      "scope": "canonical_single_assay",
      "split": "scaffold",
      "model": "median",
      "seed": 20260915,
      "train_n": 80,
      "test_n": 16,
      "train_scaffolds": 31,
      "test_scaffolds": 8,
      "split_group": "scaffold"
    },
    {
      "n": 16,
      "mae": 0.7200976203444389,
      "rmse": 0.8314635441413395,
      "r2": -0.8583257192985936,
      "spearman": 0.08929911185659008,
      "roc_auc_at_pActivity_6": 0.3846153846153847,
      "pr_auc_at_pActivity_6": 0.7508374104527952,
      "scope": "canonical_single_assay",
      "split": "scaffold",
      "model": "descriptor_rf",
      "seed": 20260915,
      "train_n": 80,
      "test_n": 16,
      "train_scaffolds": 31,
      "test_scaffolds": 8,
      "split_group": "scaffold"
    },
    {
      "n": 16,
      "mae": 0.4498721851498677,
      "rmse": 0.5487012695530675,
      "r2": 0.19070409410964095,
      "spearman": 0.5489331876101552,
      "roc_auc_at_pActivity_6": 0.6666666666666667,
      "pr_auc_at_pActivity_6": 0.9130893678970602,
      "scope": "canonical_single_assay",
      "split": "scaffold",
      "model": "ecfp_rf",
      "seed": 20260915,
      "train_n": 80,
      "test_n": 16,
      "train_scaffolds": 31,
      "test_scaffolds": 8,
      "split_group": "scaffold"
    },
    {
      "n": 16,
      "mae": 0.2613279564994771,
      "rmse": 0.2958404983923376,
      "r2": 0.7647386069928526,
      "spearman": 0.9345109226071007,
      "roc_auc_at_pActivity_6": 1.0,
      "pr_auc_at_pActivity_6": 1.0,
      "scope": "canonical_single_assay",
      "split": "scaffold",
      "model": "ecfp_ridge",
      "seed": 20260915,
      "train_n": 80,
      "test_n": 16,
      "train_scaffolds": 31,
      "test_scaffolds": 8,
      "split_group": "scaffold"
    },
    {
      "n": 16,
      "mae": 0.2723761517905266,
      "rmse": 0.3649869366742438,
      "r2": 0.6419117630142361,
      "spearman": 0.890360800279206,
      "roc_auc_at_pActivity_6": 0.8717948717948718,
      "pr_auc_at_pActivity_6": 0.9723443223443223,
      "scope": "canonical_single_assay",
      "split": "scaffold",
      "model": "ecfp_xgb",
      "seed": 20260915,
      "train_n": 80,
      "test_n": 16,
      "train_scaffolds": 31,
      "test_scaffolds": 8,
      "split_group": "scaffold"
    },
    {
      "n": 20,
      "mae": 0.5183540315313483,
      "rmse": 0.7136087429340852,
      "r2": -0.007918803856825418,
      "spearman": null,
      "roc_auc_at_pActivity_6": 0.5,
      "pr_auc_at_pActivity_6": 0.8,
      "scope": "canonical_single_assay",
      "split": "random",
      "model": "mean",
      "seed": 20260916,
      "train_n": 76,
      "test_n": 20,
      "train_scaffolds": 36,
      "test_scaffolds": 16,
      "split_group": "molecule_id"
    },
    {
      "n": 20,
      "mae": 0.5130556546993887,
      "rmse": 0.7314948181705918,
      "r2": -0.05907747411066144,
      "spearman": null,
      "roc_auc_at_pActivity_6": 0.5,
      "pr_auc_at_pActivity_6": 0.8,
      "scope": "canonical_single_assay",
      "split": "random",
      "model": "median",
      "seed": 20260916,
      "train_n": 76,
      "test_n": 20,
      "train_scaffolds": 36,
      "test_scaffolds": 16,
      "split_group": "molecule_id"
    },
    {
      "n": 20,
      "mae": 0.38231751277180065,
      "rmse": 0.5319354635691951,
      "r2": 0.4399547559890771,
      "spearman": 0.5662151993980435,
      "roc_auc_at_pActivity_6": 0.828125,
      "pr_auc_at_pActivity_6": 0.9438135649073149,
      "scope": "canonical_single_assay",
      "split": "random",
      "model": "descriptor_rf",
      "seed": 20260916,
      "train_n": 76,
      "test_n": 20,
      "train_scaffolds": 36,
      "test_scaffolds": 16,
      "split_group": "molecule_id"
    },
    {
      "n": 20,
      "mae": 0.3580199247914259,
      "rmse": 0.5489258868602973,
      "r2": 0.4036068488889861,
      "spearman": 0.7975921745673437,
      "roc_auc_at_pActivity_6": 0.921875,
      "pr_auc_at_pActivity_6": 0.9789786347231201,
      "scope": "canonical_single_assay",
      "split": "random",
      "model": "ecfp_rf",
      "seed": 20260916,
      "train_n": 76,
      "test_n": 20,
      "train_scaffolds": 36,
      "test_scaffolds": 16,
      "split_group": "molecule_id"
    },
    {
      "n": 20,
      "mae": 0.22605551973564525,
      "rmse": 0.3021079789344296,
      "r2": 0.819353474016886,
      "spearman": 0.8822866362939936,
      "roc_auc_at_pActivity_6": 1.0,
      "pr_auc_at_pActivity_6": 1.0,
      "scope": "canonical_single_assay",
      "split": "random",
      "model": "ecfp_ridge",
      "seed": 20260916,
      "train_n": 76,
      "test_n": 20,
      "train_scaffolds": 36,
      "test_scaffolds": 16,
      "split_group": "molecule_id"
    },
    {
      "n": 20,
      "mae": 0.25432932781845125,
      "rmse": 0.37003403716952854,
      "r2": 0.7289879689123595,
      "spearman": 0.9063558369431052,
      "roc_auc_at_pActivity_6": 1.0,
      "pr_auc_at_pActivity_6": 1.0,
      "scope": "canonical_single_assay",
      "split": "random",
      "model": "ecfp_xgb",
      "seed": 20260916,
      "train_n": 76,
      "test_n": 20,
      "train_scaffolds": 36,
      "test_scaffolds": 16,
      "split_group": "molecule_id"
    },
    {
      "n": 16,
      "mae": 0.5048930988744278,
      "rmse": 0.5773879689718447,
      "r2": -0.009419832704581355,
      "spearman": null,
      "roc_auc_at_pActivity_6": 0.5,
      "pr_auc_at_pActivity_6": 0.875,
      "scope": "canonical_single_assay",
      "split": "scaffold",
      "model": "mean",
      "seed": 20260916,
      "train_n": 80,
      "test_n": 16,
      "train_scaffolds": 31,
      "test_scaffolds": 8,
      "split_group": "scaffold"
    },
    {
      "n": 16,
      "mae": 0.5048930988744278,
      "rmse": 0.5963660203675144,
      "r2": -0.07686721091990356,
      "spearman": null,
      "roc_auc_at_pActivity_6": 0.5,
      "pr_auc_at_pActivity_6": 0.875,
      "scope": "canonical_single_assay",
      "split": "scaffold",
      "model": "median",
      "seed": 20260916,
      "train_n": 80,
      "test_n": 16,
      "train_scaffolds": 31,
      "test_scaffolds": 8,
      "split_group": "scaffold"
    },
    {
      "n": 16,
      "mae": 0.341145633241623,
      "rmse": 0.4102267617038373,
      "r2": 0.4904528810841262,
      "spearman": 0.5158439130934342,
      "roc_auc_at_pActivity_6": 1.0,
      "pr_auc_at_pActivity_6": 0.9999999999999998,
      "scope": "canonical_single_assay",
      "split": "scaffold",
      "model": "descriptor_rf",
      "seed": 20260916,
      "train_n": 80,
      "test_n": 16,
      "train_scaffolds": 31,
      "test_scaffolds": 8,
      "split_group": "scaffold"
    },
    {
      "n": 16,
      "mae": 0.3436359480325158,
      "rmse": 0.4396439669686812,
      "r2": 0.4147537917010574,
      "spearman": 0.7167036524561543,
      "roc_auc_at_pActivity_6": 0.8571428571428572,
      "pr_auc_at_pActivity_6": 0.9786891679748824,
      "scope": "canonical_single_assay",
      "split": "scaffold",
      "model": "ecfp_rf",
      "seed": 20260916,
      "train_n": 80,
      "test_n": 16,
      "train_scaffolds": 31,
      "test_scaffolds": 8,
      "split_group": "scaffold"
    },
    {
      "n": 16,
      "mae": 0.2388940861482493,
      "rmse": 0.3065168255415142,
      "r2": 0.715524407217438,
      "spearman": 0.8785874343251009,
      "roc_auc_at_pActivity_6": 0.9285714285714286,
      "pr_auc_at_pActivity_6": 0.9910714285714286,
      "scope": "canonical_single_assay",
      "split": "scaffold",
      "model": "ecfp_ridge",
      "seed": 20260916,
      "train_n": 80,
      "test_n": 16,
      "train_scaffolds": 31,
      "test_scaffolds": 8,
      "split_group": "scaffold"
    },
    {
      "n": 16,
      "mae": 0.3307599539299833,
      "rmse": 0.4475229306638044,
      "r2": 0.39358915582946463,
      "spearman": 0.8079472386004697,
      "roc_auc_at_pActivity_6": 0.8214285714285714,
      "pr_auc_at_pActivity_6": 0.9721956614813758,
      "scope": "canonical_single_assay",
      "split": "scaffold",
      "model": "ecfp_xgb",
      "seed": 20260916,
      "train_n": 80,
      "test_n": 16,
      "train_scaffolds": 31,
      "test_scaffolds": 8,
      "split_group": "scaffold"
    },
    {
      "n": 75,
      "mae": 0.8290635924191051,
      "rmse": 0.9829612669637455,
      "r2": -0.23066695665349446,
      "spearman": null,
      "roc_auc_at_pActivity_6": 0.5,
      "pr_auc_at_pActivity_6": 0.8266666666666667,
      "scope": "broad_full_length_stated",
      "split": "time",
      "model": "mean",
      "seed": 20260912,
      "cutoff_year": 2017,
      "train_n": 133,
      "test_n": 75,
      "train_years": [
        2017
      ],
      "test_years": [
        2018,
        2019
      ],
      "note": "heterogeneous sensitivity only; not primary model and not external validation"
    },
    {
      "n": 75,
      "mae": 0.749408787465395,
      "rmse": 0.9128694033619461,
      "r2": -0.0614145386278282,
      "spearman": 0.22608800890463487,
      "roc_auc_at_pActivity_6": 0.7009925558312655,
      "pr_auc_at_pActivity_6": 0.927295098698561,
      "scope": "broad_full_length_stated",
      "split": "time",
      "model": "ecfp_rf",
      "seed": 20260912,
      "cutoff_year": 2017,
      "train_n": 133,
      "test_n": 75,
      "train_years": [
        2017
      ],
      "test_years": [
        2018,
        2019
      ],
      "note": "heterogeneous sensitivity only; not primary model and not external validation"
    },
    {
      "n": 75,
      "mae": 0.851756973311627,
      "rmse": 1.0569719534167366,
      "r2": -0.4229664379292313,
      "spearman": 0.2507629384474153,
      "roc_auc_at_pActivity_6": 0.6339950372208436,
      "pr_auc_at_pActivity_6": 0.9105453558625265,
      "scope": "broad_full_length_stated",
      "split": "time",
      "model": "ecfp_xgb",
      "seed": 20260912,
      "cutoff_year": 2017,
      "train_n": 133,
      "test_n": 75,
      "train_years": [
        2017
      ],
      "test_years": [
        2018,
        2019
      ],
      "note": "heterogeneous sensitivity only; not primary model and not external validation"
    }
  ],
  "xgboost_available": true,
  "xgboost_error": null,
  "external_validation": {
    "status": "not_available_in_this_round",
    "reason": "the second largest SPA assay is a mirrored record set with 89 shared molecules and near-identical values; it was not treated as independent validation"
  },
  "candidate_release": "not_released; primary natural-product predictions are exploratory and carry no universal AD threshold"
}