{
  "date": "2026-09-12",
  "dataset": "CHEMBL5731051 one-row-per-molecule canonical SPA assay",
  "n_molecules": 96,
  "n_scaffolds": 39,
  "seeds": [
    20260912,
    20260913,
    20260914,
    20260915,
    20260916
  ],
  "results": [
    {
      "model": "ecfp_rf",
      "seed": 20260912,
      "alpha": 0.1,
      "train_n": 51,
      "cal_n": 27,
      "test_n": 18,
      "train_scaffolds": 23,
      "cal_scaffolds": 8,
      "test_scaffolds": 8,
      "q_abs_residual_pActivity": 0.8463059765841257,
      "test_coverage": 0.8888888888888888,
      "mean_interval_width_pActivity": 1.6926119531682513,
      "test_mae": 0.507532023516472,
      "test_rmse": 0.6084089334408322
    },
    {
      "model": "ecfp_rf",
      "seed": 20260912,
      "alpha": 0.2,
      "train_n": 51,
      "cal_n": 27,
      "test_n": 18,
      "train_scaffolds": 23,
      "cal_scaffolds": 8,
      "test_scaffolds": 8,
      "q_abs_residual_pActivity": 0.7344347196566456,
      "test_coverage": 0.7222222222222222,
      "mean_interval_width_pActivity": 1.4688694393132913,
      "test_mae": 0.507532023516472,
      "test_rmse": 0.6084089334408322
    },
    {
      "model": "ecfp_xgb",
      "seed": 20260912,
      "alpha": 0.1,
      "train_n": 51,
      "cal_n": 27,
      "test_n": 18,
      "train_scaffolds": 23,
      "cal_scaffolds": 8,
      "test_scaffolds": 8,
      "q_abs_residual_pActivity": 0.7692747572657002,
      "test_coverage": 0.7222222222222222,
      "mean_interval_width_pActivity": 1.5385495145314003,
      "test_mae": 0.5449361718200595,
      "test_rmse": 0.6357410460601756
    },
    {
      "model": "ecfp_xgb",
      "seed": 20260912,
      "alpha": 0.2,
      "train_n": 51,
      "cal_n": 27,
      "test_n": 18,
      "train_scaffolds": 23,
      "cal_scaffolds": 8,
      "test_scaffolds": 8,
      "q_abs_residual_pActivity": 0.4244965865633539,
      "test_coverage": 0.5,
      "mean_interval_width_pActivity": 0.8489931731267077,
      "test_mae": 0.5449361718200595,
      "test_rmse": 0.6357410460601756
    },
    {
      "model": "ecfp_rf",
      "seed": 20260913,
      "alpha": 0.1,
      "train_n": 55,
      "cal_n": 15,
      "test_n": 26,
      "train_scaffolds": 23,
      "cal_scaffolds": 8,
      "test_scaffolds": 8,
      "q_abs_residual_pActivity": 0.9630149980416141,
      "test_coverage": 0.9230769230769231,
      "mean_interval_width_pActivity": 1.9260299960832281,
      "test_mae": 0.40665484707935795,
      "test_rmse": 0.5283266890774154
    },
    {
      "model": "ecfp_rf",
      "seed": 20260913,
      "alpha": 0.2,
      "train_n": 55,
      "cal_n": 15,
      "test_n": 26,
      "train_scaffolds": 23,
      "cal_scaffolds": 8,
      "test_scaffolds": 8,
      "q_abs_residual_pActivity": 0.7076086081136497,
      "test_coverage": 0.8461538461538461,
      "mean_interval_width_pActivity": 1.4152172162272993,
      "test_mae": 0.40665484707935795,
      "test_rmse": 0.5283266890774154
    },
    {
      "model": "ecfp_xgb",
      "seed": 20260913,
      "alpha": 0.1,
      "train_n": 55,
      "cal_n": 15,
      "test_n": 26,
      "train_scaffolds": 23,
      "cal_scaffolds": 8,
      "test_scaffolds": 8,
      "q_abs_residual_pActivity": 1.4997803258422415,
      "test_coverage": 0.9615384615384616,
      "mean_interval_width_pActivity": 2.999560651684483,
      "test_mae": 0.3096487044503622,
      "test_rmse": 0.4714802772984206
    },
    {
      "model": "ecfp_xgb",
      "seed": 20260913,
      "alpha": 0.2,
      "train_n": 55,
      "cal_n": 15,
      "test_n": 26,
      "train_scaffolds": 23,
      "cal_scaffolds": 8,
      "test_scaffolds": 8,
      "q_abs_residual_pActivity": 0.7283605672256153,
      "test_coverage": 0.8846153846153846,
      "mean_interval_width_pActivity": 1.4567211344512305,
      "test_mae": 0.3096487044503622,
      "test_rmse": 0.4714802772984206
    },
    {
      "model": "ecfp_rf",
      "seed": 20260914,
      "alpha": 0.1,
      "train_n": 55,
      "cal_n": 19,
      "test_n": 22,
      "train_scaffolds": 23,
      "cal_scaffolds": 8,
      "test_scaffolds": 8,
      "q_abs_residual_pActivity": 1.1832824441128267,
      "test_coverage": 0.9090909090909091,
      "mean_interval_width_pActivity": 2.3665648882256534,
      "test_mae": 0.5517522478746746,
      "test_rmse": 0.6624653340397268
    },
    {
      "model": "ecfp_rf",
      "seed": 20260914,
      "alpha": 0.2,
      "train_n": 55,
      "cal_n": 19,
      "test_n": 22,
      "train_scaffolds": 23,
      "cal_scaffolds": 8,
      "test_scaffolds": 8,
      "q_abs_residual_pActivity": 0.6039171116215023,
      "test_coverage": 0.5909090909090909,
      "mean_interval_width_pActivity": 1.2078342232430046,
      "test_mae": 0.5517522478746746,
      "test_rmse": 0.6624653340397268
    },
    {
      "model": "ecfp_xgb",
      "seed": 20260914,
      "alpha": 0.1,
      "train_n": 55,
      "cal_n": 19,
      "test_n": 22,
      "train_scaffolds": 23,
      "cal_scaffolds": 8,
      "test_scaffolds": 8,
      "q_abs_residual_pActivity": 0.7978789976182972,
      "test_coverage": 0.9545454545454546,
      "mean_interval_width_pActivity": 1.5957579952365943,
      "test_mae": 0.361605731156828,
      "test_rmse": 0.4592531590850538
    },
    {
      "model": "ecfp_xgb",
      "seed": 20260914,
      "alpha": 0.2,
      "train_n": 55,
      "cal_n": 19,
      "test_n": 22,
      "train_scaffolds": 23,
      "cal_scaffolds": 8,
      "test_scaffolds": 8,
      "q_abs_residual_pActivity": 0.7014627884025373,
      "test_coverage": 0.9090909090909091,
      "mean_interval_width_pActivity": 1.4029255768050746,
      "test_mae": 0.361605731156828,
      "test_rmse": 0.4592531590850538
    },
    {
      "model": "ecfp_rf",
      "seed": 20260915,
      "alpha": 0.1,
      "train_n": 62,
      "cal_n": 18,
      "test_n": 16,
      "train_scaffolds": 23,
      "cal_scaffolds": 8,
      "test_scaffolds": 8,
      "q_abs_residual_pActivity": 0.9369320060339517,
      "test_coverage": 0.9375,
      "mean_interval_width_pActivity": 1.8738640120679033,
      "test_mae": 0.4841549794130816,
      "test_rmse": 0.5509241091889435
    },
    {
      "model": "ecfp_rf",
      "seed": 20260915,
      "alpha": 0.2,
      "train_n": 62,
      "cal_n": 18,
      "test_n": 16,
      "train_scaffolds": 23,
      "cal_scaffolds": 8,
      "test_scaffolds": 8,
      "q_abs_residual_pActivity": 0.7902692925740888,
      "test_coverage": 0.9375,
      "mean_interval_width_pActivity": 1.5805385851481777,
      "test_mae": 0.4841549794130816,
      "test_rmse": 0.5509241091889435
    },
    {
      "model": "ecfp_xgb",
      "seed": 20260915,
      "alpha": 0.1,
      "train_n": 62,
      "cal_n": 18,
      "test_n": 16,
      "train_scaffolds": 23,
      "cal_scaffolds": 8,
      "test_scaffolds": 8,
      "q_abs_residual_pActivity": 0.9307928020151675,
      "test_coverage": 0.875,
      "mean_interval_width_pActivity": 1.861585604030335,
      "test_mae": 0.3758094329737694,
      "test_rmse": 0.528830380721548
    },
    {
      "model": "ecfp_xgb",
      "seed": 20260915,
      "alpha": 0.2,
      "train_n": 62,
      "cal_n": 18,
      "test_n": 16,
      "train_scaffolds": 23,
      "cal_scaffolds": 8,
      "test_scaffolds": 8,
      "q_abs_residual_pActivity": 0.7220067120925586,
      "test_coverage": 0.875,
      "mean_interval_width_pActivity": 1.4440134241851172,
      "test_mae": 0.3758094329737694,
      "test_rmse": 0.528830380721548
    },
    {
      "model": "ecfp_rf",
      "seed": 20260916,
      "alpha": 0.1,
      "train_n": 62,
      "cal_n": 18,
      "test_n": 16,
      "train_scaffolds": 23,
      "cal_scaffolds": 8,
      "test_scaffolds": 8,
      "q_abs_residual_pActivity": 1.6112053387918808,
      "test_coverage": 1.0,
      "mean_interval_width_pActivity": 3.2224106775837615,
      "test_mae": 0.3135896953629553,
      "test_rmse": 0.43791304450697327
    },
    {
      "model": "ecfp_rf",
      "seed": 20260916,
      "alpha": 0.2,
      "train_n": 62,
      "cal_n": 18,
      "test_n": 16,
      "train_scaffolds": 23,
      "cal_scaffolds": 8,
      "test_scaffolds": 8,
      "q_abs_residual_pActivity": 1.005597761400165,
      "test_coverage": 0.9375,
      "mean_interval_width_pActivity": 2.01119552280033,
      "test_mae": 0.3135896953629553,
      "test_rmse": 0.43791304450697327
    },
    {
      "model": "ecfp_xgb",
      "seed": 20260916,
      "alpha": 0.1,
      "train_n": 62,
      "cal_n": 18,
      "test_n": 16,
      "train_scaffolds": 23,
      "cal_scaffolds": 8,
      "test_scaffolds": 8,
      "q_abs_residual_pActivity": 1.6954682043138538,
      "test_coverage": 1.0,
      "mean_interval_width_pActivity": 3.3909364086277076,
      "test_mae": 0.3418033027435352,
      "test_rmse": 0.48341846350654705
    },
    {
      "model": "ecfp_xgb",
      "seed": 20260916,
      "alpha": 0.2,
      "train_n": 62,
      "cal_n": 18,
      "test_n": 16,
      "train_scaffolds": 23,
      "cal_scaffolds": 8,
      "test_scaffolds": 8,
      "q_abs_residual_pActivity": 1.3747395066282877,
      "test_coverage": 1.0,
      "mean_interval_width_pActivity": 2.7494790132565754,
      "test_mae": 0.3418033027435352,
      "test_rmse": 0.48341846350654705
    }
  ],
  "library_AD": {
    "n": 54,
    "min_max_Tanimoto": 0.07777777777777778,
    "median_max_Tanimoto": 0.13636363636363635,
    "max_max_Tanimoto": 0.17073170731707318
  },
  "interpretation": "Scaffold-disjoint split-conformal diagnostic only; no external validation and no candidate release."
}