{
  "scaffold_summary": [
    {
      "model": "mean",
      "seeds": 10,
      "mae": {
        "median": 0.4928031310500356,
        "q1": 0.47506465594759206,
        "q3": 0.5766433422605989,
        "min": 0.3788227628017501,
        "max": 0.6858353924091711
      },
      "rmse": {
        "median": 0.6022974229508824,
        "q1": 0.5621014136892177,
        "q3": 0.7008085463195437,
        "min": 0.5274507869518131,
        "max": 0.8159642308128836
      },
      "r2": {
        "median": -0.016516572200924284,
        "q1": -0.1481789271900486,
        "q3": -0.009619900253940217,
        "min": -0.5248127859075045,
        "max": -0.00018558156861003816
      },
      "spearman": {
        "median": NaN,
        "q1": NaN,
        "q3": NaN,
        "min": NaN,
        "max": NaN
      },
      "train_test_gap_r2": {
        "median": 0.016516572200924284,
        "q1": 0.009619900253940217,
        "q3": 0.1481789271900486,
        "min": 0.00018558156861003816,
        "max": 0.5248127859075045
      }
    },
    {
      "model": "desc_ridge",
      "seeds": 10,
      "mae": {
        "median": 0.3630128591372436,
        "q1": 0.32321140711441015,
        "q3": 0.46387009818825864,
        "min": 0.30809899231305515,
        "max": 0.6525706645151801
      },
      "rmse": {
        "median": 0.4804499418772241,
        "q1": 0.4144908640273842,
        "q3": 0.5604490647713137,
        "min": 0.40090766898943053,
        "max": 0.6899871182832295
      },
      "r2": {
        "median": 0.34255156674160525,
        "q1": 0.1446165384779632,
        "q3": 0.4840272790532082,
        "min": -0.279727135203758,
        "max": 0.5102325382629007
      },
      "spearman": {
        "median": 0.6641503040573531,
        "q1": 0.5562673495103955,
        "q3": 0.7813348950906822,
        "min": 0.18966836154664174,
        "max": 0.8826698104091208
      },
      "train_test_gap_r2": {
        "median": 0.2150128836069436,
        "q1": 0.08245524432476337,
        "q3": 0.47466540764848714,
        "min": 0.04259806780116693,
        "max": 0.9755138689541301
      }
    },
    {
      "model": "ecfp_ridge",
      "seeds": 10,
      "mae": {
        "median": 0.26371765159682115,
        "q1": 0.23603783630937364,
        "q3": 0.3346368444170001,
        "min": 0.20423218820179934,
        "max": 0.4606384731215548
      },
      "rmse": {
        "median": 0.32170976548510644,
        "q1": 0.2970301698829128,
        "q3": 0.40950369294192446,
        "min": 0.263440848915377,
        "max": 0.5920045913447606
      },
      "r2": {
        "median": 0.7320079614617288,
        "q1": 0.5484765962939947,
        "q3": 0.7590809183326004,
        "min": -0.6540402798725662,
        "max": 0.815518559309874
      },
      "spearman": {
        "median": 0.8198011726565655,
        "q1": 0.7097910216718266,
        "q3": 0.843123541658902,
        "min": 0.5366187995299123,
        "max": 0.9345109226071007
      },
      "train_test_gap_r2": {
        "median": 0.20664720190314162,
        "q1": 0.1613238116351392,
        "q3": 0.39150054992054983,
        "min": 0.10401144882217839,
        "max": 1.6047092325266372
      }
    },
    {
      "model": "ecfp_rf",
      "seeds": 10,
      "mae": {
        "median": 0.4089324120683525,
        "q1": 0.3617720927452531,
        "q3": 0.47763399972344506,
        "min": 0.32341564111097687,
        "max": 0.5635167401725224
      },
      "rmse": {
        "median": 0.5159172963086451,
        "q1": 0.4725997734434497,
        "q3": 0.5757470572167487,
        "min": 0.4293290965878062,
        "max": 0.6605531710176994
      },
      "r2": {
        "median": 0.21668216424405057,
        "q1": 0.08528286106570815,
        "q3": 0.3424456094036217,
        "min": -0.10009315591565104,
        "max": 0.46084346700491696
      },
      "spearman": {
        "median": 0.5131730851185261,
        "q1": 0.35491259237405404,
        "q3": 0.675791088725374,
        "min": 0.16408668730650156,
        "max": 0.7718802936194241
      },
      "train_test_gap_r2": {
        "median": 0.4226630176324933,
        "q1": 0.25450260832372923,
        "q3": 0.5753223764745419,
        "min": 0.1471565517339567,
        "max": 0.7353453454623136
      }
    },
    {
      "model": "ecfp_xgb",
      "seeds": 10,
      "mae": {
        "median": 0.3396086958119648,
        "q1": 0.24235713738163714,
        "q3": 0.3874494485600969,
        "min": 0.19788915925099596,
        "max": 0.40781008500430205
      },
      "rmse": {
        "median": 0.44036702805426087,
        "q1": 0.336572136905961,
        "q3": 0.49000848456564416,
        "min": 0.24947337580670292,
        "max": 0.5585771201525271
      },
      "r2": {
        "median": 0.5937985860992888,
        "q1": 0.39424993170976164,
        "q3": 0.6942482364526013,
        "min": -0.4725234402766991,
        "max": 0.8179533739103078
      },
      "spearman": {
        "median": 0.7496987415473262,
        "q1": 0.7176069476160752,
        "q3": 0.8095719489690029,
        "min": 0.4735294117647058,
        "max": 0.890360800279206
      },
      "train_test_gap_r2": {
        "median": 0.4045241299332477,
        "q1": 0.3041000193793151,
        "q3": 0.6041743367958533,
        "min": 0.18033705536275124,
        "max": 1.4715557285405563
      }
    }
  ],
  "y_scrambling": {
    "ecfp_ridge": {
      "real_test_r2": 0.815518559309874,
      "perm_r2_mean": -0.8477567103471151,
      "perm_r2_sd": 0.6742573507877591,
      "perm_r2_max": -0.14121826420228767,
      "empirical_p_ge_real": 0.0,
      "z_score": 2.4668255640279266,
      "real_test_spearman": 0.8039215686274509,
      "perm_spearman_mean": -0.06795077492528682,
      "perm_spearman_max": 0.40763673890608876
    },
    "ecfp_rf": {
      "real_test_r2": 0.24266023437845996,
      "perm_r2_mean": -0.13837807770443994,
      "perm_r2_sd": 0.1584804687836814,
      "perm_r2_max": 0.0778231083607488,
      "empirical_p_ge_real": 0.0,
      "z_score": 2.4043234791474513,
      "real_test_spearman": 0.5830753353973168,
      "perm_spearman_mean": -0.04278647720820809,
      "perm_spearman_max": 0.4282765737874097
    },
    "ecfp_xgb": {
      "real_test_r2": 0.561433742843203,
      "perm_r2_mean": -0.7326529126618795,
      "perm_r2_sd": 0.5265288981732954,
      "perm_r2_max": -0.018779172235520614,
      "empirical_p_ge_real": 0.0,
      "z_score": 2.4577694785503725,
      "real_test_spearman": 0.7192982456140351,
      "perm_spearman_mean": -0.02830778734768491,
      "perm_spearman_max": 0.44628122987316693
    }
  },
  "external": [
    {
      "n": 105,
      "mae": 0.9555135493834109,
      "rmse": 1.152518801529926,
      "r2": -0.19781563023940563,
      "spearman": NaN,
      "model": "mean",
      "bias_pred_minus_true": 0.4683638130556932,
      "coverage_q10": 0.47619047619047616,
      "coverage_q20": 0.34285714285714286
    },
    {
      "n": 105,
      "mae": 1.0070314595696503,
      "rmse": 1.2212667870985006,
      "r2": -0.344977536217963,
      "spearman": 0.04588654915114974,
      "model": "desc_ridge",
      "bias_pred_minus_true": -0.2055984665000096,
      "coverage_q10": 0.5238095238095238,
      "coverage_q20": 0.4
    },
    {
      "n": 105,
      "mae": 0.7888849501394788,
      "rmse": 0.953701070820439,
      "r2": 0.17980242956652226,
      "spearman": 0.48180060623504384,
      "model": "ecfp_ridge",
      "bias_pred_minus_true": 0.11991787616116932,
      "coverage_q10": 0.6285714285714286,
      "coverage_q20": 0.47619047619047616
    },
    {
      "n": 105,
      "mae": 0.8963714059957608,
      "rmse": 1.075402204803832,
      "r2": -0.04288346814644095,
      "spearman": 0.4881210495771131,
      "model": "ecfp_rf",
      "bias_pred_minus_true": 0.4267230857234292,
      "coverage_q10": 0.6190476190476191,
      "coverage_q20": 0.44761904761904764
    },
    {
      "n": 105,
      "mae": 0.863565913810207,
      "rmse": 1.016252393823025,
      "r2": 0.06868392069612184,
      "spearman": 0.3144745410679603,
      "model": "ecfp_xgb",
      "bias_pred_minus_true": 0.11176699434848332,
      "coverage_q10": 0.580952380952381,
      "coverage_q20": 0.4
    }
  ],
  "external_meta": {
    "pool_molecules": 108,
    "excluded_overlap": 3,
    "evaluated": 105,
    "assays": [
      "CHEMBL4123591",
      "CHEMBL4402021",
      "CHEMBL5730715"
    ],
    "conformal_q10": 0.9072452800702564,
    "conformal_q20": 0.7018864067994564
  },
  "np54": {
    "n": 54,
    "min": 0.07777777777777778,
    "median": 0.13636363636363635,
    "max": 0.17073170731707318,
    "n_in_domain": 0,
    "ad_threshold": 0.8115942028985508,
    "training_loo_nn_median": 0.8852459016393442
  },
  "champion": "ecfp_ridge",
  "qc": {
    "raw_records": 97,
    "distinct_molecules": 96,
    "clean_molecules": 96,
    "clean_scaffolds": 39,
    "molecules_with_replicate_records": 1,
    "mad3_outlier_records": 0,
    "impossible_records": 0,
    "stereoisomer_pair_count": 0,
    "inchikey_duplicate_molecules": 0,
    "multi_fragment_records": 0
  },
  "leakage_max_of_max": 0.9,
  "leakage_mean_nn_median": 0.8482719774127816
}
