AutoDock Vina v1.2.7
#################################################################
# If you used AutoDock Vina in your work, please cite:          #
#                                                               #
# J. Eberhardt, D. Santos-Martins, A. F. Tillack, and S. Forli  #
# AutoDock Vina 1.2.0: New Docking Methods, Expanded Force      #
# Field, and Python Bindings, J. Chem. Inf. Model. (2021)       #
# DOI 10.1021/acs.jcim.1c00203                                  #
#                                                               #
# O. Trott, A. J. Olson,                                        #
# AutoDock Vina: improving the speed and accuracy of docking    #
# with a new scoring function, efficient optimization and       #
# multithreading, J. Comp. Chem. (2010)                         #
# DOI 10.1002/jcc.21334                                         #
#                                                               #
# Please see https://github.com/ccsb-scripps/AutoDock-Vina for  #
# more information.                                             #
#################################################################

Scoring function : vina
Rigid receptor: D:\zcode-workspace\hepato-gnn-screening\final-aidd-screening\results\runs\20260905-165717-235376\docking\receptors\FXR_LBD_1OSH.pdbqt
Ligand: D:\zcode-workspace\hepato-gnn-screening\final-aidd-screening\results\runs\20260905-165717-235376\docking\ligands\HP-026.pdbqt
Grid center: X 5.23 Y 29 Z 53.67
Grid size  : X 19.4 Y 22.5 Z 24.8
Grid space : 0.375
Exhaustiveness: 8
CPU: 4
Verbosity: 1

Computing Vina grid ... done.
Performing docking (random seed: 42) ... 
0%   10   20   30   40   50   60   70   80   90   100%
|----|----|----|----|----|----|----|----|----|----|
***************************************************

mode |   affinity | dist from best mode
     | (kcal/mol) | rmsd l.b.| rmsd u.b.
-----+------------+----------+----------
   1       -7.699          0          0
   2       -7.681      1.457      6.131
   3       -7.399      2.426      4.024
   4       -7.255      4.113      6.867
   5        -7.24      2.049      2.718
   6       -7.006      1.924      6.104
   7       -6.936      2.467      3.185
   8        -6.83      1.733      6.018
   9       -6.641      5.015      6.771

