AutoDock Vina v1.2.7
#################################################################
# If you used AutoDock Vina in your work, please cite:          #
#                                                               #
# J. Eberhardt, D. Santos-Martins, A. F. Tillack, and S. Forli  #
# AutoDock Vina 1.2.0: New Docking Methods, Expanded Force      #
# Field, and Python Bindings, J. Chem. Inf. Model. (2021)       #
# DOI 10.1021/acs.jcim.1c00203                                  #
#                                                               #
# O. Trott, A. J. Olson,                                        #
# AutoDock Vina: improving the speed and accuracy of docking    #
# with a new scoring function, efficient optimization and       #
# multithreading, J. Comp. Chem. (2010)                         #
# DOI 10.1002/jcc.21334                                         #
#                                                               #
# Please see https://github.com/ccsb-scripps/AutoDock-Vina for  #
# more information.                                             #
#################################################################

Scoring function : vina
Rigid receptor: D:\zcode-workspace\hepato-gnn-screening\final-aidd-screening\results\runs\20260905-165717-235376\docking\receptors\FXR_LBD_1OSH.pdbqt
Ligand: D:\zcode-workspace\hepato-gnn-screening\final-aidd-screening\results\runs\20260905-165717-235376\docking\ligands\HP-045.pdbqt
Grid center: X 5.23 Y 29 Z 53.67
Grid size  : X 19.4 Y 22.5 Z 24.8
Grid space : 0.375
Exhaustiveness: 8
CPU: 4
Verbosity: 1

Computing Vina grid ... done.
Performing docking (random seed: 42) ... 
0%   10   20   30   40   50   60   70   80   90   100%
|----|----|----|----|----|----|----|----|----|----|
***************************************************

mode |   affinity | dist from best mode
     | (kcal/mol) | rmsd l.b.| rmsd u.b.
-----+------------+----------+----------
   1       -7.485          0          0
   2       -7.434      0.778      4.259
   3        -6.95      1.683      4.811
   4       -6.658       1.82      2.543
   5        -6.47      1.103      1.465
   6       -5.834       3.26      5.202
   7       -5.754      2.019      3.192
   8       -5.663      6.893      7.998
   9       -5.647      7.524       9.43

