AutoDock Vina v1.2.7
#################################################################
# If you used AutoDock Vina in your work, please cite:          #
#                                                               #
# J. Eberhardt, D. Santos-Martins, A. F. Tillack, and S. Forli  #
# AutoDock Vina 1.2.0: New Docking Methods, Expanded Force      #
# Field, and Python Bindings, J. Chem. Inf. Model. (2021)       #
# DOI 10.1021/acs.jcim.1c00203                                  #
#                                                               #
# O. Trott, A. J. Olson,                                        #
# AutoDock Vina: improving the speed and accuracy of docking    #
# with a new scoring function, efficient optimization and       #
# multithreading, J. Comp. Chem. (2010)                         #
# DOI 10.1002/jcc.21334                                         #
#                                                               #
# Please see https://github.com/ccsb-scripps/AutoDock-Vina for  #
# more information.                                             #
#################################################################

Scoring function : vina
Rigid receptor: C:\DockScopeData\workspace\dockscope\data\jobs\AIDD-tier1-FXR-3ligands_20260909_182438_591b98\run\tasks\C_DockScopeData_workspace_dockscope_data_jobs_AIDD-tier1-FXR-3ligands_20260909_182438_591b_2__FXR_LBD_1OSH__C1\receptor.pdbqt
Ligand: C:\DockScopeData\workspace\dockscope\data\jobs\AIDD-tier1-FXR-3ligands_20260909_182438_591b98\run\tasks\C_DockScopeData_workspace_dockscope_data_jobs_AIDD-tier1-FXR-3ligands_20260909_182438_591b_2__FXR_LBD_1OSH__C1\ligand.pdbqt
Grid center: X 5.23 Y 29 Z 53.67
Grid size  : X 19.4 Y 22.5 Z 24.8
Grid space : 0.375
Exhaustiveness: 8
CPU: 8
Verbosity: 1

Computing Vina grid ... done.
Performing docking (random seed: 1) ... 
0%   10   20   30   40   50   60   70   80   90   100%
|----|----|----|----|----|----|----|----|----|----|
***************************************************

mode |   affinity | dist from best mode
     | (kcal/mol) | rmsd l.b.| rmsd u.b.
-----+------------+----------+----------
   1       -8.781          0          0
   2       -8.726      1.115      7.048
   3       -8.239     0.7049      2.194
   4       -8.152      1.133      6.792
   5       -7.674      1.427      7.151
   6       -7.156      1.561      2.775
   7       -7.073      2.494       7.86
   8       -7.039      3.746      6.189
   9       -6.821       3.25      8.509
