AutoDock Vina v1.2.7
#################################################################
# If you used AutoDock Vina in your work, please cite:          #
#                                                               #
# J. Eberhardt, D. Santos-Martins, A. F. Tillack, and S. Forli  #
# AutoDock Vina 1.2.0: New Docking Methods, Expanded Force      #
# Field, and Python Bindings, J. Chem. Inf. Model. (2021)       #
# DOI 10.1021/acs.jcim.1c00203                                  #
#                                                               #
# O. Trott, A. J. Olson,                                        #
# AutoDock Vina: improving the speed and accuracy of docking    #
# with a new scoring function, efficient optimization and       #
# multithreading, J. Comp. Chem. (2010)                         #
# DOI 10.1002/jcc.21334                                         #
#                                                               #
# Please see https://github.com/ccsb-scripps/AutoDock-Vina for  #
# more information.                                             #
#################################################################

Scoring function : vina
Rigid receptor: C:\DockScopeData\workspace\dockscope\data\jobs\AIDD-tier1-FXR-3ligands_20260909_182438_591b98\run\tasks\C_DockScopeData_workspace_dockscope_data_jobs_AIDD-tier1-FXR-3ligands_20260909_182438_591b__FXR_LBD_1OSH__C1\receptor.pdbqt
Ligand: C:\DockScopeData\workspace\dockscope\data\jobs\AIDD-tier1-FXR-3ligands_20260909_182438_591b98\run\tasks\C_DockScopeData_workspace_dockscope_data_jobs_AIDD-tier1-FXR-3ligands_20260909_182438_591b__FXR_LBD_1OSH__C1\ligand.pdbqt
Grid center: X 5.23 Y 29 Z 53.67
Grid size  : X 19.4 Y 22.5 Z 24.8
Grid space : 0.375
Exhaustiveness: 8
CPU: 8
Verbosity: 1

Computing Vina grid ... done.
Performing docking (random seed: 1) ... 
0%   10   20   30   40   50   60   70   80   90   100%
|----|----|----|----|----|----|----|----|----|----|
***************************************************

mode |   affinity | dist from best mode
     | (kcal/mol) | rmsd l.b.| rmsd u.b.
-----+------------+----------+----------
   1       -9.359          0          0
   2       -9.306     0.0649      1.723
   3       -8.603      1.848      8.386
   4       -8.434      1.986       2.55
   5       -8.359      2.181      8.424
   6       -7.807      2.117      8.092
   7        -7.42      6.353      11.48
   8       -7.397      3.791      6.105
   9        -7.39      2.961      8.764
