[19:21:02] DEPRECATION WARNING: please use MorganGenerator
[19:21:02] DEPRECATION WARNING: please use MorganGenerator
[19:21:02] DEPRECATION WARNING: please use MorganGenerator
[19:21:02] DEPRECATION WARNING: please use MorganGenerator
[19:21:02] DEPRECATION WARNING: please use MorganGenerator
[19:21:02] DEPRECATION WARNING: please use MorganGenerator
[19:21:02] DEPRECATION WARNING: please use MorganGenerator
[19:21:02] DEPRECATION WARNING: please use MorganGenerator
[19:21:02] DEPRECATION WARNING: please use MorganGenerator
[19:21:02] DEPRECATION WARNING: please use MorganGenerator
[19:21:02] DEPRECATION WARNING: please use MorganGenerator
[19:21:02] DEPRECATION WARNING: please use MorganGenerator
[19:21:02] DEPRECATION WARNING: please use MorganGenerator
[19:21:02] DEPRECATION WARNING: please use MorganGenerator
[19:21:02] DEPRECATION WARNING: please use MorganGenerator
[19:21:02] DEPRECATION WARNING: please use MorganGenerator
[19:21:02] DEPRECATION WARNING: please use MorganGenerator
[19:21:02] DEPRECATION WARNING: please use MorganGenerator
[19:21:02] DEPRECATION WARNING: please use MorganGenerator
[19:21:02] DEPRECATION WARNING: please use MorganGenerator
[19:21:02] DEPRECATION WARNING: please use MorganGenerator
[19:21:02] DEPRECATION WARNING: please use MorganGenerator
[19:21:02] DEPRECATION WARNING: please use MorganGenerator
[19:21:02] DEPRECATION WARNING: please use MorganGenerator
[19:21:02] DEPRECATION WARNING: please use MorganGenerator
[19:21:02] DEPRECATION WARNING: please use MorganGenerator
[19:21:02] DEPRECATION WARNING: please use MorganGenerator
[19:21:02] DEPRECATION WARNING: please use MorganGenerator
[19:21:02] DEPRECATION WARNING: please use MorganGenerator
[19:21:02] DEPRECATION WARNING: please use MorganGenerator
[19:21:02] DEPRECATION WARNING: please use MorganGenerator
[19:21:02] DEPRECATION WARNING: please use MorganGenerator
[19:21:02] DEPRECATION WARNING: please use MorganGenerator
[19:21:02] DEPRECATION WARNING: please use MorganGenerator
[19:21:02] DEPRECATION WARNING: please use MorganGenerator
[19:21:02] DEPRECATION WARNING: please use MorganGenerator
[19:21:02] DEPRECATION WARNING: please use MorganGenerator
[19:21:02] DEPRECATION WARNING: please use MorganGenerator
[19:21:02] DEPRECATION WARNING: please use MorganGenerator
[19:21:02] DEPRECATION WARNING: please use MorganGenerator
[19:21:02] DEPRECATION WARNING: please use MorganGenerator
[19:21:02] DEPRECATION WARNING: please use MorganGenerator
[19:21:02] DEPRECATION WARNING: please use MorganGenerator
[19:21:02] DEPRECATION WARNING: please use MorganGenerator
[19:21:02] DEPRECATION WARNING: please use MorganGenerator
[19:21:02] DEPRECATION WARNING: please use MorganGenerator
[19:21:02] DEPRECATION WARNING: please use MorganGenerator
[19:21:02] DEPRECATION WARNING: please use MorganGenerator
[19:21:02] DEPRECATION WARNING: please use MorganGenerator
[19:21:02] DEPRECATION WARNING: please use MorganGenerator
[19:21:02] DEPRECATION WARNING: please use MorganGenerator
[19:21:02] DEPRECATION WARNING: please use MorganGenerator
[19:21:02] DEPRECATION WARNING: please use MorganGenerator
[19:21:02] DEPRECATION WARNING: please use MorganGenerator
[19:21:02] DEPRECATION WARNING: please use MorganGenerator
[19:21:02] DEPRECATION WARNING: please use MorganGenerator
[19:21:02] DEPRECATION WARNING: please use MorganGenerator
[19:21:02] DEPRECATION WARNING: please use MorganGenerator
[19:21:02] DEPRECATION WARNING: please use MorganGenerator
[19:21:02] DEPRECATION WARNING: please use MorganGenerator
[19:21:02] DEPRECATION WARNING: please use MorganGenerator
[19:21:02] DEPRECATION WARNING: please use MorganGenerator
[19:21:02] DEPRECATION WARNING: please use MorganGenerator
[19:21:02] DEPRECATION WARNING: please use MorganGenerator
[19:21:02] DEPRECATION WARNING: please use MorganGenerator
[19:21:02] DEPRECATION WARNING: please use MorganGenerator
[19:21:02] DEPRECATION WARNING: please use MorganGenerator
[19:21:02] DEPRECATION WARNING: please use MorganGenerator
[19:21:02] DEPRECATION WARNING: please use MorganGenerator
[19:21:02] DEPRECATION WARNING: please use MorganGenerator
[19:21:02] DEPRECATION WARNING: please use MorganGenerator
[19:21:02] DEPRECATION WARNING: please use MorganGenerator
[19:21:02] DEPRECATION WARNING: please use MorganGenerator
[19:21:02] DEPRECATION WARNING: please use MorganGenerator
[19:21:02] DEPRECATION WARNING: please use MorganGenerator
[19:21:02] DEPRECATION WARNING: please use MorganGenerator
[19:21:02] DEPRECATION WARNING: please use MorganGenerator
[19:21:02] DEPRECATION WARNING: please use MorganGenerator
[19:21:02] DEPRECATION WARNING: please use MorganGenerator
[19:21:02] DEPRECATION WARNING: please use MorganGenerator
[19:21:02] DEPRECATION WARNING: please use MorganGenerator
[19:21:02] DEPRECATION WARNING: please use MorganGenerator
[19:21:02] DEPRECATION WARNING: please use MorganGenerator
[19:21:02] DEPRECATION WARNING: please use MorganGenerator
[19:21:02] DEPRECATION WARNING: please use MorganGenerator
[19:21:02] DEPRECATION WARNING: please use MorganGenerator
[19:21:02] DEPRECATION WARNING: please use MorganGenerator
[19:21:02] DEPRECATION WARNING: please use MorganGenerator
[19:21:02] DEPRECATION WARNING: please use MorganGenerator
[19:21:02] DEPRECATION WARNING: please use MorganGenerator
[19:21:02] DEPRECATION WARNING: please use MorganGenerator
[19:21:02] DEPRECATION WARNING: please use MorganGenerator
[19:21:02] DEPRECATION WARNING: please use MorganGenerator
[19:21:02] DEPRECATION WARNING: please use MorganGenerator
[19:21:02] DEPRECATION WARNING: please use MorganGenerator
[19:21:02] DEPRECATION WARNING: please use MorganGenerator
[19:21:02] DEPRECATION WARNING: please use MorganGenerator
[19:21:02] DEPRECATION WARNING: please use MorganGenerator
[19:21:02] DEPRECATION WARNING: please use MorganGenerator
[19:21:02] DEPRECATION WARNING: please use MorganGenerator
[19:21:02] DEPRECATION WARNING: please use MorganGenerator
[19:21:02] DEPRECATION WARNING: please use MorganGenerator
[19:21:02] DEPRECATION WARNING: please use MorganGenerator
[19:21:02] DEPRECATION WARNING: please use MorganGenerator
[19:21:02] DEPRECATION WARNING: please use MorganGenerator
[19:21:02] DEPRECATION WARNING: please use MorganGenerator
[19:21:02] DEPRECATION WARNING: please use MorganGenerator
[19:21:02] DEPRECATION WARNING: please use MorganGenerator
[19:21:02] DEPRECATION WARNING: please use MorganGenerator
[19:21:02] DEPRECATION WARNING: please use MorganGenerator
[19:21:02] DEPRECATION WARNING: please use MorganGenerator
[19:21:02] DEPRECATION WARNING: please use MorganGenerator
[19:21:02] DEPRECATION WARNING: please use MorganGenerator
[19:21:02] DEPRECATION WARNING: please use MorganGenerator
[19:21:02] DEPRECATION WARNING: please use MorganGenerator
[19:21:02] DEPRECATION WARNING: please use MorganGenerator
[19:21:02] DEPRECATION WARNING: please use MorganGenerator
[19:21:02] DEPRECATION WARNING: please use MorganGenerator
[19:21:02] DEPRECATION WARNING: please use MorganGenerator
[19:21:02] DEPRECATION WARNING: please use MorganGenerator
[19:21:02] DEPRECATION WARNING: please use MorganGenerator
[19:21:02] DEPRECATION WARNING: please use MorganGenerator
[19:21:02] DEPRECATION WARNING: please use MorganGenerator
[19:21:02] DEPRECATION WARNING: please use MorganGenerator
[19:21:02] DEPRECATION WARNING: please use MorganGenerator
[19:21:02] DEPRECATION WARNING: please use MorganGenerator
[19:21:02] DEPRECATION WARNING: please use MorganGenerator
[19:21:02] DEPRECATION WARNING: please use MorganGenerator
[19:21:02] DEPRECATION WARNING: please use MorganGenerator
[19:21:02] DEPRECATION WARNING: please use MorganGenerator
[19:21:02] DEPRECATION WARNING: please use MorganGenerator
[19:21:02] DEPRECATION WARNING: please use MorganGenerator
[19:21:02] DEPRECATION WARNING: please use MorganGenerator
[19:21:02] DEPRECATION WARNING: please use MorganGenerator
[19:21:02] DEPRECATION WARNING: please use MorganGenerator
[19:21:02] DEPRECATION WARNING: please use MorganGenerator
[19:21:02] DEPRECATION WARNING: please use MorganGenerator
[19:21:02] DEPRECATION WARNING: please use MorganGenerator
[19:21:02] DEPRECATION WARNING: please use MorganGenerator
[19:21:02] DEPRECATION WARNING: please use MorganGenerator
[19:21:02] DEPRECATION WARNING: please use MorganGenerator
[19:21:02] DEPRECATION WARNING: please use MorganGenerator
[19:21:02] DEPRECATION WARNING: please use MorganGenerator
[19:21:02] DEPRECATION WARNING: please use MorganGenerator
[19:21:02] DEPRECATION WARNING: please use MorganGenerator
[19:21:02] DEPRECATION WARNING: please use MorganGenerator
[19:21:02] DEPRECATION WARNING: please use MorganGenerator
[19:21:02] DEPRECATION WARNING: please use MorganGenerator
[19:21:02] DEPRECATION WARNING: please use MorganGenerator
[19:21:02] DEPRECATION WARNING: please use MorganGenerator
[19:21:02] DEPRECATION WARNING: please use MorganGenerator
[19:21:02] DEPRECATION WARNING: please use MorganGenerator
[19:21:02] DEPRECATION WARNING: please use MorganGenerator
[19:21:02] DEPRECATION WARNING: please use MorganGenerator
[19:21:02] DEPRECATION WARNING: please use MorganGenerator
[19:21:02] DEPRECATION WARNING: please use MorganGenerator
[19:21:02] DEPRECATION WARNING: please use MorganGenerator
[19:21:02] DEPRECATION WARNING: please use MorganGenerator
[19:21:02] DEPRECATION WARNING: please use MorganGenerator
[19:21:02] DEPRECATION WARNING: please use MorganGenerator
[19:21:02] DEPRECATION WARNING: please use MorganGenerator
[19:21:02] DEPRECATION WARNING: please use MorganGenerator
[19:21:02] DEPRECATION WARNING: please use MorganGenerator
[19:21:02] DEPRECATION WARNING: please use MorganGenerator
[19:21:02] DEPRECATION WARNING: please use MorganGenerator
[19:21:02] DEPRECATION WARNING: please use MorganGenerator
[19:21:02] DEPRECATION WARNING: please use MorganGenerator
[19:21:02] DEPRECATION WARNING: please use MorganGenerator
[19:21:02] DEPRECATION WARNING: please use MorganGenerator
[19:21:02] DEPRECATION WARNING: please use MorganGenerator
[19:21:02] DEPRECATION WARNING: please use MorganGenerator
[19:21:02] DEPRECATION WARNING: please use MorganGenerator
[19:21:02] DEPRECATION WARNING: please use MorganGenerator
[19:21:02] DEPRECATION WARNING: please use MorganGenerator
[19:21:02] DEPRECATION WARNING: please use MorganGenerator
[19:21:02] DEPRECATION WARNING: please use MorganGenerator
[19:21:02] DEPRECATION WARNING: please use MorganGenerator
[19:21:02] DEPRECATION WARNING: please use MorganGenerator
[19:21:02] DEPRECATION WARNING: please use MorganGenerator
[19:21:02] DEPRECATION WARNING: please use MorganGenerator
[19:21:02] DEPRECATION WARNING: please use MorganGenerator
[19:21:02] DEPRECATION WARNING: please use MorganGenerator
[19:21:02] DEPRECATION WARNING: please use MorganGenerator
[19:21:02] DEPRECATION WARNING: please use MorganGenerator
[19:21:02] DEPRECATION WARNING: please use MorganGenerator
[19:21:02] DEPRECATION WARNING: please use MorganGenerator
[19:21:02] DEPRECATION WARNING: please use MorganGenerator
[19:21:02] DEPRECATION WARNING: please use MorganGenerator
[19:21:02] DEPRECATION WARNING: please use MorganGenerator
[19:21:02] DEPRECATION WARNING: please use MorganGenerator
[19:21:02] DEPRECATION WARNING: please use MorganGenerator
[19:21:02] DEPRECATION WARNING: please use MorganGenerator
[19:21:02] DEPRECATION WARNING: please use MorganGenerator
[19:21:02] DEPRECATION WARNING: please use MorganGenerator
[19:21:02] DEPRECATION WARNING: please use MorganGenerator
[19:21:02] DEPRECATION WARNING: please use MorganGenerator
[19:21:02] DEPRECATION WARNING: please use MorganGenerator
[19:21:02] DEPRECATION WARNING: please use MorganGenerator
[19:21:02] DEPRECATION WARNING: please use MorganGenerator
[19:21:02] DEPRECATION WARNING: please use MorganGenerator
[19:21:02] DEPRECATION WARNING: please use MorganGenerator
[19:21:02] DEPRECATION WARNING: please use MorganGenerator
[19:21:02] DEPRECATION WARNING: please use MorganGenerator
[19:21:02] DEPRECATION WARNING: please use MorganGenerator
[19:21:02] DEPRECATION WARNING: please use MorganGenerator
[19:21:02] DEPRECATION WARNING: please use MorganGenerator
[19:21:02] DEPRECATION WARNING: please use MorganGenerator
[19:21:02] DEPRECATION WARNING: please use MorganGenerator
[19:21:02] DEPRECATION WARNING: please use MorganGenerator
[19:21:02] DEPRECATION WARNING: please use MorganGenerator
[19:21:02] DEPRECATION WARNING: please use MorganGenerator
[19:21:02] DEPRECATION WARNING: please use MorganGenerator
[19:21:02] DEPRECATION WARNING: please use MorganGenerator
[19:21:02] DEPRECATION WARNING: please use MorganGenerator
[19:21:02] DEPRECATION WARNING: please use MorganGenerator
[19:21:02] DEPRECATION WARNING: please use MorganGenerator
[19:21:02] DEPRECATION WARNING: please use MorganGenerator
[19:21:02] DEPRECATION WARNING: please use MorganGenerator
[19:21:02] DEPRECATION WARNING: please use MorganGenerator
[19:21:03] DEPRECATION WARNING: please use MorganGenerator
[19:21:03] DEPRECATION WARNING: please use MorganGenerator
[19:21:03] DEPRECATION WARNING: please use MorganGenerator
[19:21:03] DEPRECATION WARNING: please use MorganGenerator
[19:21:03] DEPRECATION WARNING: please use MorganGenerator
[19:21:03] DEPRECATION WARNING: please use MorganGenerator
[19:21:03] DEPRECATION WARNING: please use MorganGenerator
[19:21:03] DEPRECATION WARNING: please use MorganGenerator
[19:21:03] DEPRECATION WARNING: please use MorganGenerator
[19:21:03] DEPRECATION WARNING: please use MorganGenerator
[19:21:03] DEPRECATION WARNING: please use MorganGenerator
[19:21:03] DEPRECATION WARNING: please use MorganGenerator
[19:21:03] DEPRECATION WARNING: please use MorganGenerator
[19:21:03] DEPRECATION WARNING: please use MorganGenerator
[19:21:03] DEPRECATION WARNING: please use MorganGenerator
[19:21:03] DEPRECATION WARNING: please use MorganGenerator
[19:21:03] DEPRECATION WARNING: please use MorganGenerator
[19:21:03] DEPRECATION WARNING: please use MorganGenerator
[19:21:03] DEPRECATION WARNING: please use MorganGenerator
[19:21:03] DEPRECATION WARNING: please use MorganGenerator
[19:21:03] DEPRECATION WARNING: please use MorganGenerator
[19:21:03] DEPRECATION WARNING: please use MorganGenerator
[19:21:03] DEPRECATION WARNING: please use MorganGenerator
[19:21:03] DEPRECATION WARNING: please use MorganGenerator
[19:21:03] DEPRECATION WARNING: please use MorganGenerator
[19:21:03] DEPRECATION WARNING: please use MorganGenerator
[19:21:03] DEPRECATION WARNING: please use MorganGenerator
[19:21:03] DEPRECATION WARNING: please use MorganGenerator
[19:21:03] DEPRECATION WARNING: please use MorganGenerator
[19:21:03] DEPRECATION WARNING: please use MorganGenerator
[19:21:03] DEPRECATION WARNING: please use MorganGenerator
[19:21:03] DEPRECATION WARNING: please use MorganGenerator
[19:21:03] DEPRECATION WARNING: please use MorganGenerator
[19:21:03] DEPRECATION WARNING: please use MorganGenerator
[19:21:03] DEPRECATION WARNING: please use MorganGenerator
[19:21:03] DEPRECATION WARNING: please use MorganGenerator
[19:21:03] DEPRECATION WARNING: please use MorganGenerator
[19:21:03] DEPRECATION WARNING: please use MorganGenerator
[19:21:03] DEPRECATION WARNING: please use MorganGenerator
[19:21:03] DEPRECATION WARNING: please use MorganGenerator
[19:21:03] DEPRECATION WARNING: please use MorganGenerator
[19:21:03] DEPRECATION WARNING: please use MorganGenerator
[19:21:03] DEPRECATION WARNING: please use MorganGenerator
[19:21:03] DEPRECATION WARNING: please use MorganGenerator
[19:21:03] DEPRECATION WARNING: please use MorganGenerator
[19:21:03] DEPRECATION WARNING: please use MorganGenerator
[19:21:03] DEPRECATION WARNING: please use MorganGenerator
[19:21:03] DEPRECATION WARNING: please use MorganGenerator
[19:21:03] DEPRECATION WARNING: please use MorganGenerator
[19:21:03] DEPRECATION WARNING: please use MorganGenerator
[19:21:03] DEPRECATION WARNING: please use MorganGenerator
[19:21:03] DEPRECATION WARNING: please use MorganGenerator
[19:21:03] DEPRECATION WARNING: please use MorganGenerator
[19:21:03] DEPRECATION WARNING: please use MorganGenerator
[19:21:03] DEPRECATION WARNING: please use MorganGenerator
[19:21:03] DEPRECATION WARNING: please use MorganGenerator
[19:21:03] DEPRECATION WARNING: please use MorganGenerator
[19:21:03] DEPRECATION WARNING: please use MorganGenerator
[19:21:03] DEPRECATION WARNING: please use MorganGenerator
[19:21:03] DEPRECATION WARNING: please use MorganGenerator
[19:21:03] DEPRECATION WARNING: please use MorganGenerator
[19:21:03] DEPRECATION WARNING: please use MorganGenerator
[19:21:03] DEPRECATION WARNING: please use MorganGenerator
[19:21:03] DEPRECATION WARNING: please use MorganGenerator
[19:21:03] DEPRECATION WARNING: please use MorganGenerator
[19:21:03] DEPRECATION WARNING: please use MorganGenerator
[19:21:03] DEPRECATION WARNING: please use MorganGenerator
[19:21:03] DEPRECATION WARNING: please use MorganGenerator
[19:21:03] DEPRECATION WARNING: please use MorganGenerator
[19:21:03] DEPRECATION WARNING: please use MorganGenerator
[19:21:03] DEPRECATION WARNING: please use MorganGenerator
[19:21:03] DEPRECATION WARNING: please use MorganGenerator
[19:21:03] DEPRECATION WARNING: please use MorganGenerator
[19:21:03] DEPRECATION WARNING: please use MorganGenerator
[19:21:03] DEPRECATION WARNING: please use MorganGenerator
[19:21:03] DEPRECATION WARNING: please use MorganGenerator
[19:21:03] DEPRECATION WARNING: please use MorganGenerator
[19:21:03] DEPRECATION WARNING: please use MorganGenerator
[19:21:03] DEPRECATION WARNING: please use MorganGenerator
[19:21:03] DEPRECATION WARNING: please use MorganGenerator
[19:21:03] DEPRECATION WARNING: please use MorganGenerator
[19:21:03] DEPRECATION WARNING: please use MorganGenerator
[19:21:03] DEPRECATION WARNING: please use MorganGenerator
[19:21:03] DEPRECATION WARNING: please use MorganGenerator
[19:21:03] DEPRECATION WARNING: please use MorganGenerator
[19:21:03] DEPRECATION WARNING: please use MorganGenerator
[19:21:03] DEPRECATION WARNING: please use MorganGenerator
[19:21:03] DEPRECATION WARNING: please use MorganGenerator
[19:21:03] DEPRECATION WARNING: please use MorganGenerator
[19:21:03] DEPRECATION WARNING: please use MorganGenerator
[19:21:03] DEPRECATION WARNING: please use MorganGenerator
[19:21:03] DEPRECATION WARNING: please use MorganGenerator
[19:21:03] DEPRECATION WARNING: please use MorganGenerator
[19:21:03] DEPRECATION WARNING: please use MorganGenerator
[19:21:03] DEPRECATION WARNING: please use MorganGenerator
[19:21:03] DEPRECATION WARNING: please use MorganGenerator
[19:21:03] DEPRECATION WARNING: please use MorganGenerator
[19:21:03] DEPRECATION WARNING: please use MorganGenerator
[19:21:03] DEPRECATION WARNING: please use MorganGenerator
[19:21:03] DEPRECATION WARNING: please use MorganGenerator
[19:21:03] DEPRECATION WARNING: please use MorganGenerator
[19:21:03] DEPRECATION WARNING: please use MorganGenerator
[19:21:03] DEPRECATION WARNING: please use MorganGenerator
[19:21:03] DEPRECATION WARNING: please use MorganGenerator
[19:21:03] DEPRECATION WARNING: please use MorganGenerator
    seed  train_n  dev_n  test_n  train_scaffolds  dev_scaffolds  test_scaffolds  test_positive_rate  reg_MAE  reg_RMSE  reg_Spearman  desc_MAE  desc_RMSE  desc_Spearman                                                classification  top10_hits  top10_EF test_classes  roc_auc   pr_auc
20260910      226     34      64               60             20              21            0.531250 0.442098  0.606790      0.671184  0.517778   0.730152       0.462290 {'roc_auc': 0.9274509803921568, 'pr_auc': 0.9386015842069653}          10  1.882353       [0, 1] 0.927451 0.938602
      42      156     33     135               60             20              21            0.748148 0.584719  0.756973      0.494043  0.672553   0.874890       0.240452 {'roc_auc': 0.8418753640069889, 'pr_auc': 0.9371896630184262}          10  1.336634       [0, 1] 0.841875 0.937190
     123      152     46     126               60             20              21            0.714286 0.529823  0.696355      0.401926  0.709307   0.934951       0.073966 {'roc_auc': 0.8550925925925926, 'pr_auc': 0.9381020678198138}          10  1.400000       [0, 1] 0.855093 0.938102
       7      199     75      50               60             20              21            0.460000 0.533449  0.720928      0.820915  0.632996   0.859692       0.669579 {'roc_auc': 0.9903381642512077, 'pr_auc': 0.9877891261062088}          10  2.173913       [0, 1] 0.990338 0.987789
20260911      100     65     159               60             20              21            0.672956 0.521446  0.683608      0.473952  0.636945   0.833082       0.227419 {'roc_auc': 0.8160496046010065, 'pr_auc': 0.8925739074333523}          10  1.485981       [0, 1] 0.816050 0.892574
   31415      226     56      42               60             20              21            0.619048 0.659982  1.297449      0.581638  0.651548   1.309850       0.556343 {'roc_auc': 0.8449519230769232, 'pr_auc': 0.9011337258967647}           9  1.453846       [0, 1] 0.844952 0.901134
  271828      138     53     133               60             20              21            0.744361 0.566371  0.745418      0.362768  0.782751   1.005730       0.177091 {'roc_auc': 0.7553475935828877, 'pr_auc': 0.8925992360849285}          10  1.343434       [0, 1] 0.755348 0.892599
20260912      115     36     173               60             20              21            0.728324 0.616146  0.787236      0.394140  0.785957   1.004344       0.199855  {'roc_auc': 0.803191489361702, 'pr_auc': 0.8870926900030573}           8  1.098413       [0, 1] 0.803191 0.887093
20260913      144     34     146               60             20              21            0.684932 0.505216  0.675966      0.497293  0.675263   0.896369       0.096363 {'roc_auc': 0.8293478260869566, 'pr_auc': 0.9102216413253388}          10  1.460000       [0, 1] 0.829348 0.910222
20260914      240     50      34               60             20              21            0.558824 0.509648  0.622879      0.768349  0.585302   0.730731       0.545768 {'roc_auc': 0.9719298245614035, 'pr_auc': 0.9792842176743104}          10  1.789474       [0, 1] 0.971930 0.979284

SUMMARY {
  "reg_MAE": {
    "n": 10,
    "mean": 0.5468898252729221,
    "sd": 0.06202252546316637,
    "min": 0.44209756534727873,
    "max": 0.659981812902892
  },
  "reg_RMSE": {
    "n": 10,
    "mean": 0.7593602192424994,
    "sd": 0.19736071219893878,
    "min": 0.6067897394824675,
    "max": 1.297449043786314
  },
  "reg_Spearman": {
    "n": 10,
    "mean": 0.546620794473897,
    "sd": 0.15972559124551935,
    "min": 0.36276783883273256,
    "max": 0.8209154745084942
  },
  "desc_MAE": {
    "n": 10,
    "mean": 0.66504009963874,
    "sd": 0.08208375210667444,
    "min": 0.5177783889161296,
    "max": 0.7859567626752413
  },
  "desc_RMSE": {
    "n": 10,
    "mean": 0.9179789431845327,
    "sd": 0.16742482548605306,
    "min": 0.7301523383849998,
    "max": 1.309850199148871
  },
  "desc_Spearman": {
    "n": 10,
    "mean": 0.3249126249155715,
    "sd": 0.21326654877766657,
    "min": 0.07396637840147786,
    "max": 0.6695794618242709
  },
  "top10_EF": {
    "n": 10,
    "mean": 1.5424047836336003,
    "sd": 0.3149190981969256,
    "min": 1.0984126984126985,
    "max": 2.1739130434782608
  },
  "roc_auc": {
    "n": 10,
    "mean": 0.8635575362513827,
    "sd": 0.0756959947335885,
    "min": 0.7553475935828877,
    "max": 0.9903381642512077
  },
  "pr_auc": {
    "n": 10,
    "mean": 0.9264587859569167,
    "sd": 0.036054664202695666,
    "min": 0.8870926900030573,
    "max": 0.9877891261062088
  }
}
