AutoDock Vina v1.2.7
#################################################################
# If you used AutoDock Vina in your work, please cite:          #
#                                                               #
# J. Eberhardt, D. Santos-Martins, A. F. Tillack, and S. Forli  #
# AutoDock Vina 1.2.0: New Docking Methods, Expanded Force      #
# Field, and Python Bindings, J. Chem. Inf. Model. (2021)       #
# DOI 10.1021/acs.jcim.1c00203                                  #
#                                                               #
# O. Trott, A. J. Olson,                                        #
# AutoDock Vina: improving the speed and accuracy of docking    #
# with a new scoring function, efficient optimization and       #
# multithreading, J. Comp. Chem. (2010)                         #
# DOI 10.1002/jcc.21334                                         #
#                                                               #
# Please see https://github.com/ccsb-scripps/AutoDock-Vina for  #
# more information.                                             #
#################################################################

Scoring function : vina
Rigid receptor: D:\zcode-workspace\hepato-gnn-screening\final-aidd-screening\results\runs\20260905-162905-336627\docking\receptors\FXR_LBD_1OSH.pdbqt
Ligand: D:\zcode-workspace\hepato-gnn-screening\final-aidd-screening\results\runs\20260905-162905-336627\docking\ligands\FXR_LBD_FEX_redock_s7.pdbqt
Grid center: X 5.23 Y 29 Z 53.67
Grid size  : X 19.4 Y 22.5 Z 24.8
Grid space : 0.375
Exhaustiveness: 16
CPU: 4
Verbosity: 1

Computing Vina grid ... done.
Performing docking (random seed: 7) ... 
0%   10   20   30   40   50   60   70   80   90   100%
|----|----|----|----|----|----|----|----|----|----|
***************************************************

mode |   affinity | dist from best mode
     | (kcal/mol) | rmsd l.b.| rmsd u.b.
-----+------------+----------+----------
   1       -11.41          0          0
   2       -11.39     0.4919      1.316
   3       -9.982      2.139      5.191
   4       -9.456      2.756      9.167
   5       -9.283      3.242      9.632
   6       -9.201      3.331      9.523
   7       -8.427      3.491      7.604
   8       -8.321      2.443      5.169
   9        -8.23      1.751      4.962

