AutoDock Vina v1.2.7
#################################################################
# If you used AutoDock Vina in your work, please cite:          #
#                                                               #
# J. Eberhardt, D. Santos-Martins, A. F. Tillack, and S. Forli  #
# AutoDock Vina 1.2.0: New Docking Methods, Expanded Force      #
# Field, and Python Bindings, J. Chem. Inf. Model. (2021)       #
# DOI 10.1021/acs.jcim.1c00203                                  #
#                                                               #
# O. Trott, A. J. Olson,                                        #
# AutoDock Vina: improving the speed and accuracy of docking    #
# with a new scoring function, efficient optimization and       #
# multithreading, J. Comp. Chem. (2010)                         #
# DOI 10.1002/jcc.21334                                         #
#                                                               #
# Please see https://github.com/ccsb-scripps/AutoDock-Vina for  #
# more information.                                             #
#################################################################

Scoring function : vina
Rigid receptor: D:\zcode-workspace\hepato-gnn-screening\final-aidd-screening\results\runs\20260905-162905-336627\docking\receptors\KEAP1_KELCH_4IQK.pdbqt
Ligand: D:\zcode-workspace\hepato-gnn-screening\final-aidd-screening\results\runs\20260905-162905-336627\docking\ligands\KEAP1_KELCH_IQK_redock_s7.pdbqt
Grid center: X -47.07 Y 4.21 Z -13.13
Grid size  : X 22.1 Y 21.9 Z 18.6
Grid space : 0.375
Exhaustiveness: 16
CPU: 4
Verbosity: 1

Computing Vina grid ... done.
Performing docking (random seed: 7) ... 
0%   10   20   30   40   50   60   70   80   90   100%
|----|----|----|----|----|----|----|----|----|----|
***************************************************

mode |   affinity | dist from best mode
     | (kcal/mol) | rmsd l.b.| rmsd u.b.
-----+------------+----------+----------
   1       -10.73          0          0
   2       -10.22     0.9311      6.871
   3       -9.918      1.291      1.785
   4       -9.782      1.191      7.343
   5       -9.377      2.691      8.241
   6       -9.092      2.638      6.308
   7       -9.067      2.664       7.83
   8       -8.927      2.874      7.911
   9       -8.669      2.862      6.584

