moracin N x THRB seed7: -11.24
moracin N x FASN seed7: -10.18
moracin N x FXR seed7: -9.33
moracin N x THRB seed123: -11.25
moracin N x FASN seed123: -10.21
moracin N x FXR seed123: -9.33
moracin N x THRB seed20260909: -11.28
moracin N x FASN seed20260909: -10.11
moracin N x FXR seed20260909: -9.32
daidzein x THRB seed7: -10.04
daidzein x FASN seed7: -9.61
daidzein x FXR seed7: -8.80
daidzein x THRB seed123: -9.99
daidzein x FASN seed123: -9.61
daidzein x FXR seed123: -8.76
daidzein x THRB seed20260909: -10.07
daidzein x FASN seed20260909: -9.59
daidzein x FXR seed20260909: -8.79
formononetin x THRB seed7: -9.17
formononetin x FASN seed7: -9.72
formononetin x FXR seed7: -8.92
formononetin x THRB seed123: -9.22
formononetin x FASN seed123: -9.70
formononetin x FXR seed123: -8.95
formononetin x THRB seed20260909: -9.19
formononetin x FASN seed20260909: -9.72
formononetin x FXR seed20260909: -8.98
3'-methoxydaidzein x THRB seed7: -9.68
3'-methoxydaidzein x FASN seed7: -9.35
3'-methoxydaidzein x FXR seed7: -8.89
3'-methoxydaidzein x THRB seed123: -9.64
3'-methoxydaidzein x FASN seed123: -9.44
3'-methoxydaidzein x FXR seed123: -8.88
3'-methoxydaidzein x THRB seed20260909: -9.70
3'-methoxydaidzein x FASN seed20260909: -9.29
3'-methoxydaidzein x FXR seed20260909: -8.90
daidzin x THRB seed7: -8.73
daidzin x FASN seed7: -9.75
daidzin x FXR seed7: -9.66
daidzin x THRB seed123: -8.40
daidzin x FASN seed123: -9.66
daidzin x FXR seed123: -9.70
daidzin x THRB seed20260909: -9.57
daidzin x FASN seed20260909: -10.03
daidzin x FXR seed20260909: -10.29
moracin M x THRB seed7: -9.71
moracin M x FASN seed7: -8.84
moracin M x FXR seed7: -8.77
moracin M x THRB seed123: -9.67
moracin M x FASN seed123: -8.84
moracin M x FXR seed123: -8.72
moracin M x THRB seed20260909: -9.67
moracin M x FASN seed20260909: -8.84
moracin M x FXR seed20260909: -8.69
piceid x THRB seed7: -6.51
piceid x FASN seed7: -9.31
piceid x FXR seed7: -9.10
piceid x THRB seed123: -5.97
piceid x FASN seed123: -9.25
piceid x FXR seed123: -8.63
piceid x THRB seed20260909: -8.54
piceid x FASN seed20260909: -9.68
piceid x FXR seed20260909: -8.93
biochanin A x THRB seed7: -9.26
biochanin A x FASN seed7: -9.07
biochanin A x FXR seed7: -8.64
biochanin A x THRB seed123: -9.31
biochanin A x FASN seed123: -9.08
biochanin A x FXR seed123: -8.64
biochanin A x THRB seed20260909: -9.37
biochanin A x FASN seed20260909: -9.03
biochanin A x FXR seed20260909: -8.65
genistin x THRB seed7: -8.06
genistin x FASN seed7: -9.15
genistin x FXR seed7: -7.42
genistin x THRB seed123: -9.10
genistin x FASN seed123: -9.37
genistin x FXR seed123: -9.72
genistin x THRB seed20260909: -8.04
genistin x FASN seed20260909: -8.75
genistin x FXR seed20260909: -9.49
epicatechin x THRB seed7: -8.76
epicatechin x FASN seed7: -7.80
epicatechin x FXR seed7: -7.65
epicatechin x THRB seed123: -9.60
epicatechin x FASN seed123: -8.68
epicatechin x FXR seed123: -8.76
epicatechin x THRB seed20260909: -9.70
epicatechin x FASN seed20260909: -8.47
epicatechin x FXR seed20260909: -8.80
capillarisin x THRB seed7: -9.42
capillarisin x FASN seed7: -9.03
capillarisin x FXR seed7: -8.20
capillarisin x THRB seed123: -9.56
capillarisin x FASN seed123: -9.06
capillarisin x FXR seed123: -8.23
capillarisin x THRB seed20260909: -9.83
capillarisin x FASN seed20260909: -8.88
capillarisin x FXR seed20260909: -8.26
isorhamnetin x THRB seed7: -8.52
isorhamnetin x FASN seed7: -8.99
isorhamnetin x FXR seed7: -8.54
isorhamnetin x THRB seed123: -8.50
isorhamnetin x FASN seed123: -9.04
isorhamnetin x FXR seed123: -8.60
isorhamnetin x THRB seed20260909: -8.43
isorhamnetin x FASN seed20260909: -8.96
isorhamnetin x FXR seed20260909: -8.44
toralactone x THRB seed7: -8.84
toralactone x FASN seed7: -8.89
toralactone x FXR seed7: -8.05
toralactone x THRB seed123: -8.46
toralactone x FASN seed123: -8.80
toralactone x FXR seed123: -8.04
toralactone x THRB seed20260909: -8.46
toralactone x FASN seed20260909: -8.81
toralactone x FXR seed20260909: -8.02
DONE 117 in 825 s
