moracin N x THRB fixedStart q42 search7: -11.22
moracin N x THRB fixedStart q42 search123: -11.24
moracin N x THRB fixedStart q42 search20260909: -11.23
moracin N x FASN fixedStart q42 search7: -10.21
moracin N x FASN fixedStart q42 search123: -10.14
moracin N x FASN fixedStart q42 search20260909: -10.20
moracin N x FXR fixedStart q42 search7: -9.35
moracin N x FXR fixedStart q42 search123: -9.31
moracin N x FXR fixedStart q42 search20260909: -9.33
daidzein x THRB fixedStart q42 search7: -10.08
daidzein x THRB fixedStart q42 search123: -10.09
daidzein x THRB fixedStart q42 search20260909: -10.09
daidzein x FASN fixedStart q42 search7: -9.62
daidzein x FASN fixedStart q42 search123: -9.62
daidzein x FASN fixedStart q42 search20260909: -9.62
daidzein x FXR fixedStart q42 search7: -9.06
daidzein x FXR fixedStart q42 search123: -8.77
daidzein x FXR fixedStart q42 search20260909: -8.77
formononetin x THRB fixedStart q42 search7: -9.23
formononetin x THRB fixedStart q42 search123: -9.11
formononetin x THRB fixedStart q42 search20260909: -9.12
formononetin x FASN fixedStart q42 search7: -9.71
formononetin x FASN fixedStart q42 search123: -9.72
formononetin x FASN fixedStart q42 search20260909: -9.71
formononetin x FXR fixedStart q42 search7: -8.94
formononetin x FXR fixedStart q42 search123: -8.95
formononetin x FXR fixedStart q42 search20260909: -8.96
3'-methoxydaidzein x THRB fixedStart q42 search7: -9.66
3'-methoxydaidzein x THRB fixedStart q42 search123: -9.65
3'-methoxydaidzein x THRB fixedStart q42 search20260909: -9.65
3'-methoxydaidzein x FASN fixedStart q42 search7: -9.35
3'-methoxydaidzein x FASN fixedStart q42 search123: -9.40
3'-methoxydaidzein x FASN fixedStart q42 search20260909: -9.42
3'-methoxydaidzein x FXR fixedStart q42 search7: -8.94
3'-methoxydaidzein x FXR fixedStart q42 search123: -8.95
3'-methoxydaidzein x FXR fixedStart q42 search20260909: -8.96
daidzin x THRB fixedStart q42 search7: -8.87
daidzin x THRB fixedStart q42 search123: -8.89
daidzin x THRB fixedStart q42 search20260909: -8.86
daidzin x FASN fixedStart q42 search7: -9.76
daidzin x FASN fixedStart q42 search123: -9.75
daidzin x FASN fixedStart q42 search20260909: -9.78
daidzin x FXR fixedStart q42 search7: -8.62
daidzin x FXR fixedStart q42 search123: -8.63
daidzin x FXR fixedStart q42 search20260909: -8.64
moracin M x THRB fixedStart q42 search7: -9.67
moracin M x THRB fixedStart q42 search123: -9.67
moracin M x THRB fixedStart q42 search20260909: -9.66
moracin M x FASN fixedStart q42 search7: -8.83
moracin M x FASN fixedStart q42 search123: -8.83
moracin M x FASN fixedStart q42 search20260909: -8.85
moracin M x FXR fixedStart q42 search7: -8.75
moracin M x FXR fixedStart q42 search123: -8.75
moracin M x FXR fixedStart q42 search20260909: -8.74
piceid x THRB fixedStart q42 search7: -7.13
piceid x THRB fixedStart q42 search123: -7.13
piceid x THRB fixedStart q42 search20260909: -7.14
piceid x FASN fixedStart q42 search7: -9.46
piceid x FASN fixedStart q42 search123: -9.42
piceid x FASN fixedStart q42 search20260909: -9.46
piceid x FXR fixedStart q42 search7: -9.00
piceid x FXR fixedStart q42 search123: -9.02
piceid x FXR fixedStart q42 search20260909: -9.02
biochanin A x THRB fixedStart q42 search7: -9.33
biochanin A x THRB fixedStart q42 search123: -9.33
biochanin A x THRB fixedStart q42 search20260909: -9.31
biochanin A x FASN fixedStart q42 search7: -9.05
biochanin A x FASN fixedStart q42 search123: -9.06
biochanin A x FASN fixedStart q42 search20260909: -9.06
biochanin A x FXR fixedStart q42 search7: -8.64
biochanin A x FXR fixedStart q42 search123: -8.65
biochanin A x FXR fixedStart q42 search20260909: -8.63
genistin x THRB fixedStart q42 search7: -7.99
genistin x THRB fixedStart q42 search123: -7.96
genistin x THRB fixedStart q42 search20260909: -7.75
genistin x FASN fixedStart q42 search7: -9.15
genistin x FASN fixedStart q42 search123: -9.17
genistin x FASN fixedStart q42 search20260909: -9.18
genistin x FXR fixedStart q42 search7: -9.28
genistin x FXR fixedStart q42 search123: -9.31
genistin x FXR fixedStart q42 search20260909: -9.31
epicatechin x THRB fixedStart q42 search7: -9.46
epicatechin x THRB fixedStart q42 search123: -9.45
epicatechin x THRB fixedStart q42 search20260909: -9.46
epicatechin x FASN fixedStart q42 search7: -8.94
epicatechin x FASN fixedStart q42 search123: -8.96
epicatechin x FASN fixedStart q42 search20260909: -8.94
epicatechin x FXR fixedStart q42 search7: -8.49
epicatechin x FXR fixedStart q42 search123: -8.52
epicatechin x FXR fixedStart q42 search20260909: -8.52
capillarisin x THRB fixedStart q42 search7: -9.71
capillarisin x THRB fixedStart q42 search123: -9.71
capillarisin x THRB fixedStart q42 search20260909: -9.73
capillarisin x FASN fixedStart q42 search7: -8.85
capillarisin x FASN fixedStart q42 search123: -8.87
capillarisin x FASN fixedStart q42 search20260909: -8.87
capillarisin x FXR fixedStart q42 search7: -8.26
capillarisin x FXR fixedStart q42 search123: -8.27
capillarisin x FXR fixedStart q42 search20260909: -8.25
isorhamnetin x THRB fixedStart q42 search7: -8.42
isorhamnetin x THRB fixedStart q42 search123: -8.43
isorhamnetin x THRB fixedStart q42 search20260909: -8.42
isorhamnetin x FASN fixedStart q42 search7: -9.02
isorhamnetin x FASN fixedStart q42 search123: -9.03
isorhamnetin x FASN fixedStart q42 search20260909: -9.02
isorhamnetin x FXR fixedStart q42 search7: -8.74
isorhamnetin x FXR fixedStart q42 search123: -8.63
isorhamnetin x FXR fixedStart q42 search20260909: -8.64
toralactone x THRB fixedStart q42 search7: -8.47
toralactone x THRB fixedStart q42 search123: -8.45
toralactone x THRB fixedStart q42 search20260909: -8.44
toralactone x FASN fixedStart q42 search7: -8.82
toralactone x FASN fixedStart q42 search123: -8.81
toralactone x FASN fixedStart q42 search20260909: -8.80
toralactone x FXR fixedStart q42 search7: -8.02
toralactone x FXR fixedStart q42 search123: -8.05
toralactone x FXR fixedStart q42 search20260909: -8.04
DONE 117 in 1269 s
