FXR gate: {"best_affinity": -9.248, "rmsd_no_alignment": 0.8376, "gate_pass": true}
[1/54] scoparone x THRB: -7.06 kcal/mol
[1/54] scoparone x FASN: -7.47 kcal/mol
[1/54] scoparone x FXR: -7.73 kcal/mol
[2/54] scopoletin x THRB: -7.45 kcal/mol
[2/54] scopoletin x FASN: -7.73 kcal/mol
[2/54] scopoletin x FXR: -7.54 kcal/mol
[3/54] umbelliferone x THRB: -7.24 kcal/mol
[3/54] umbelliferone x FASN: -7.64 kcal/mol
[3/54] umbelliferone x FXR: -7.49 kcal/mol
[4/54] capillarisin x THRB: -9.73 kcal/mol
[4/54] capillarisin x FASN: -8.92 kcal/mol
[4/54] capillarisin x FXR: -8.27 kcal/mol
[5/54] arcapillin x THRB: -7.15 kcal/mol
[5/54] arcapillin x FASN: -8.02 kcal/mol
[5/54] arcapillin x FXR: -7.76 kcal/mol
[6/54] capillin x THRB: -7.20 kcal/mol
[6/54] capillin x FASN: -8.44 kcal/mol
[6/54] capillin x FXR: -6.99 kcal/mol
[7/54] capillene x THRB: -7.29 kcal/mol
[7/54] capillene x FASN: -8.40 kcal/mol
[7/54] capillene x FXR: -6.94 kcal/mol
[8/54] 1,2-dimethoxy-4-vinylbenzene x THRB: -6.41 kcal/mol
[8/54] 1,2-dimethoxy-4-vinylbenzene x FASN: -6.84 kcal/mol
[8/54] 1,2-dimethoxy-4-vinylbenzene x FXR: -6.28 kcal/mol
[9/54] isorhamnetin x THRB: -8.42 kcal/mol
[9/54] isorhamnetin x FASN: -9.02 kcal/mol
[9/54] isorhamnetin x FXR: -8.60 kcal/mol
[10/54] vitexin x THRB: -6.38 kcal/mol
[10/54] vitexin x FASN: -7.90 kcal/mol
[10/54] vitexin x FXR: -6.83 kcal/mol
[11/54] isovitexin x THRB: -8.32 kcal/mol
[11/54] isovitexin x FASN: -8.66 kcal/mol
[11/54] isovitexin x FXR: -7.97 kcal/mol
[12/54] hyperoside x THRB: -5.91 kcal/mol
[12/54] hyperoside x FASN: -7.66 kcal/mol
[12/54] hyperoside x FXR: -6.97 kcal/mol
[13/54] isoquercitrin x THRB: -6.23 kcal/mol
[13/54] isoquercitrin x FASN: -7.33 kcal/mol
[13/54] isoquercitrin x FXR: -6.89 kcal/mol
[14/54] epicatechin x THRB: -9.46 kcal/mol
[14/54] epicatechin x FASN: -8.94 kcal/mol
[14/54] epicatechin x FXR: -8.52 kcal/mol
[15/54] procyanidin B2 x THRB: -5.69 kcal/mol
[15/54] procyanidin B2 x FASN: -8.36 kcal/mol
[15/54] procyanidin B2 x FXR: -5.26 kcal/mol
[16/54] ursolic acid x THRB: -6.97 kcal/mol
[16/54] ursolic acid x FASN: -8.49 kcal/mol
[16/54] ursolic acid x FXR: -8.51 kcal/mol
[17/54] oleanolic acid x THRB: -6.86 kcal/mol
[17/54] oleanolic acid x FASN: -8.13 kcal/mol
[17/54] oleanolic acid x FXR: -5.46 kcal/mol
[18/54] corosolic acid x THRB: -6.72 kcal/mol
[18/54] corosolic acid x FASN: -7.82 kcal/mol
[18/54] corosolic acid x FXR: -4.84 kcal/mol
[19/54] maslinic acid x THRB: -7.01 kcal/mol
[19/54] maslinic acid x FASN: -9.48 kcal/mol
[19/54] maslinic acid x FXR: -7.33 kcal/mol
[20/54] tormentic acid x THRB: -6.68 kcal/mol
[20/54] tormentic acid x FASN: -8.27 kcal/mol
[20/54] tormentic acid x FXR: -4.80 kcal/mol
[21/54] alisol A x THRB: -6.38 kcal/mol
[21/54] alisol A x FASN: -8.00 kcal/mol
[21/54] alisol A x FXR: -6.61 kcal/mol
[22/54] alisol B x THRB: -6.66 kcal/mol
[22/54] alisol B x FASN: -9.41 kcal/mol
[22/54] alisol B x FXR: -7.22 kcal/mol
[23/54] alisol C x THRB: -6.48 kcal/mol
[23/54] alisol C x FASN: -8.73 kcal/mol
[23/54] alisol C x FXR: -7.27 kcal/mol
[24/54] alisol B acetate x THRB: -7.05 kcal/mol
[24/54] alisol B acetate x FASN: -9.29 kcal/mol
[24/54] alisol B acetate x FXR: -5.98 kcal/mol
[25/54] 16-oxo-alisol A x THRB: -6.05 kcal/mol
[25/54] 16-oxo-alisol A x FASN: -7.93 kcal/mol
[25/54] 16-oxo-alisol A x FXR: -6.87 kcal/mol
[26/54] alismol x THRB: -6.56 kcal/mol
[26/54] alismol x FASN: -5.85 kcal/mol
[26/54] alismol x FXR: -5.35 kcal/mol
[27/54] alismoxide x THRB: -4.26 kcal/mol
[27/54] alismoxide x FASN: -5.71 kcal/mol
[27/54] alismoxide x FXR: -5.28 kcal/mol
[28/54] obtusifolin x THRB: -7.65 kcal/mol
[28/54] obtusifolin x FASN: -8.14 kcal/mol
[28/54] obtusifolin x FXR: -6.98 kcal/mol
[29/54] obtusin x THRB: -6.76 kcal/mol
[29/54] obtusin x FASN: -7.90 kcal/mol
[29/54] obtusin x FXR: -6.83 kcal/mol
[30/54] aurantio-obtusin x THRB: -7.42 kcal/mol
[30/54] aurantio-obtusin x FASN: -7.91 kcal/mol
[30/54] aurantio-obtusin x FXR: -6.20 kcal/mol
[31/54] chryso-obtusin x THRB: -5.47 kcal/mol
[31/54] chryso-obtusin x FASN: -7.82 kcal/mol
[31/54] chryso-obtusin x FXR: -5.13 kcal/mol
[32/54] rubrofusarin x THRB: -8.76 kcal/mol
[32/54] rubrofusarin x FASN: -8.07 kcal/mol
[32/54] rubrofusarin x FXR: -8.30 kcal/mol
[33/54] toralactone x THRB: -8.45 kcal/mol
[33/54] toralactone x FASN: -8.76 kcal/mol
[33/54] toralactone x FXR: -8.04 kcal/mol
[34/54] puerarin x THRB: -6.08 kcal/mol
[34/54] puerarin x FASN: -9.67 kcal/mol
[34/54] puerarin x FXR: -8.34 kcal/mol
[35/54] daidzein x THRB: -10.09 kcal/mol
[35/54] daidzein x FASN: -9.62 kcal/mol
[35/54] daidzein x FXR: -8.79 kcal/mol
[36/54] daidzin x THRB: -8.91 kcal/mol
[36/54] daidzin x FASN: -9.76 kcal/mol
[36/54] daidzin x FXR: -8.61 kcal/mol
[37/54] genistin x THRB: -7.98 kcal/mol
[37/54] genistin x FASN: -9.18 kcal/mol
[37/54] genistin x FXR: -9.28 kcal/mol
[38/54] formononetin x THRB: -9.23 kcal/mol
[38/54] formononetin x FASN: -9.71 kcal/mol
[38/54] formononetin x FXR: -8.95 kcal/mol
[39/54] biochanin A x THRB: -9.32 kcal/mol
[39/54] biochanin A x FASN: -9.06 kcal/mol
[39/54] biochanin A x FXR: -8.62 kcal/mol
[40/54] 3'-methoxydaidzein x THRB: -9.64 kcal/mol
[40/54] 3'-methoxydaidzein x FASN: -9.41 kcal/mol
[40/54] 3'-methoxydaidzein x FXR: -8.91 kcal/mol
[41/54] ononin x THRB: -6.63 kcal/mol
[41/54] ononin x FASN: -9.70 kcal/mol
[41/54] ononin x FXR: -8.05 kcal/mol
[42/54] sarmentosin x THRB: -7.28 kcal/mol
[42/54] sarmentosin x FASN: -6.42 kcal/mol
[42/54] sarmentosin x FXR: -7.11 kcal/mol
[43/54] hypophyllanthin x THRB: -4.23 kcal/mol
[43/54] hypophyllanthin x FASN: -7.21 kcal/mol
[43/54] hypophyllanthin x FXR: -6.56 kcal/mol
[44/54] nirtetralin x THRB: -4.59 kcal/mol
[44/54] nirtetralin x FASN: -7.23 kcal/mol
[44/54] nirtetralin x FXR: -6.45 kcal/mol
[45/54] niranthin x THRB: -7.72 kcal/mol
[45/54] niranthin x FASN: -7.54 kcal/mol
[45/54] niranthin x FXR: -8.03 kcal/mol
[46/54] 1-deoxynojirimycin x THRB: -5.41 kcal/mol
[46/54] 1-deoxynojirimycin x FASN: -5.25 kcal/mol
[46/54] 1-deoxynojirimycin x FXR: -5.43 kcal/mol
[47/54] oxyresveratrol x THRB: -9.60 kcal/mol
[47/54] oxyresveratrol x FASN: -8.55 kcal/mol
[47/54] oxyresveratrol x FXR: -8.61 kcal/mol
[48/54] astragalin x THRB: -5.57 kcal/mol
[48/54] astragalin x FASN: -7.69 kcal/mol
[48/54] astragalin x FXR: -7.14 kcal/mol
[49/54] moracin N x THRB: -11.24 kcal/mol
[49/54] moracin N x FASN: -10.20 kcal/mol
[49/54] moracin N x FXR: -9.32 kcal/mol
[50/54] moracin M x THRB: -9.66 kcal/mol
[50/54] moracin M x FASN: -8.86 kcal/mol
[50/54] moracin M x FXR: -8.75 kcal/mol
[51/54] mulberrofuran G x THRB: -6.40 kcal/mol
[51/54] mulberrofuran G x FASN: -9.75 kcal/mol
[51/54] mulberrofuran G x FXR: -7.21 kcal/mol
[52/54] piceid x THRB: -7.69 kcal/mol
[52/54] piceid x FASN: -9.43 kcal/mol
[52/54] piceid x FXR: -9.00 kcal/mol
[53/54] catechin x THRB: -9.77 kcal/mol
[53/54] catechin x FASN: -8.60 kcal/mol
[53/54] catechin x FXR: -9.04 kcal/mol
[54/54] torachrysone x THRB: -8.17 kcal/mol
[54/54] torachrysone x FASN: -8.04 kcal/mol
[54/54] torachrysone x FXR: -7.52 kcal/mol
DONE 162 records in 1604 s
